[debug] [2025-10-11T13:11:49.498Z] ----------------------------------------------------------------------
[debug] [2025-10-11T13:11:49.500Z] Command:       /Users/sreeramvennapusa/.nvm/versions/node/v22.16.0/bin/node /Users/sreeramvennapusa/.nvm/versions/node/v22.16.0/bin/firebase deploy --only functions
[debug] [2025-10-11T13:11:49.500Z] CLI Version:   14.15.2
[debug] [2025-10-11T13:11:49.500Z] Platform:      darwin
[debug] [2025-10-11T13:11:49.500Z] Node Version:  v22.16.0
[debug] [2025-10-11T13:11:49.501Z] Time:          Sun Oct 12 2025 00:11:49 GMT+1100 (Australian Eastern Daylight Time)
[debug] [2025-10-11T13:11:49.501Z] ----------------------------------------------------------------------
[debug] 
[debug] [2025-10-11T13:11:49.598Z] > command requires scopes: ["email","openid","https://www.googleapis.com/auth/cloudplatformprojects.readonly","https://www.googleapis.com/auth/firebase","https://www.googleapis.com/auth/cloud-platform"]
[debug] [2025-10-11T13:11:49.598Z] > authorizing via signed-in user (svaagsolutions@gmail.com)
[debug] [2025-10-11T13:11:49.599Z] [iam] checking project spendy-97913 for permissions ["cloudfunctions.functions.create","cloudfunctions.functions.delete","cloudfunctions.functions.get","cloudfunctions.functions.list","cloudfunctions.functions.update","cloudfunctions.operations.get","firebase.projects.get"]
[debug] [2025-10-11T13:11:49.599Z] Checked if tokens are valid: true, expires at: 1760190777697
[debug] [2025-10-11T13:11:49.599Z] Checked if tokens are valid: true, expires at: 1760190777697
[debug] [2025-10-11T13:11:49.599Z] >>> [apiv2][query] POST https://cloudresourcemanager.googleapis.com/v1/projects/spendy-97913:testIamPermissions [none]
[debug] [2025-10-11T13:11:49.600Z] >>> [apiv2][(partial)header] POST https://cloudresourcemanager.googleapis.com/v1/projects/spendy-97913:testIamPermissions x-goog-quota-user=projects/spendy-97913
[debug] [2025-10-11T13:11:49.600Z] >>> [apiv2][body] POST https://cloudresourcemanager.googleapis.com/v1/projects/spendy-97913:testIamPermissions {"permissions":["cloudfunctions.functions.create","cloudfunctions.functions.delete","cloudfunctions.functions.get","cloudfunctions.functions.list","cloudfunctions.functions.update","cloudfunctions.operations.get","firebase.projects.get"]}
[debug] [2025-10-11T13:11:50.688Z] <<< [apiv2][status] POST https://cloudresourcemanager.googleapis.com/v1/projects/spendy-97913:testIamPermissions 200
[debug] [2025-10-11T13:11:50.688Z] <<< [apiv2][body] POST https://cloudresourcemanager.googleapis.com/v1/projects/spendy-97913:testIamPermissions {"permissions":["cloudfunctions.functions.create","cloudfunctions.functions.delete","cloudfunctions.functions.get","cloudfunctions.functions.list","cloudfunctions.functions.update","cloudfunctions.operations.get","firebase.projects.get"]}
[debug] [2025-10-11T13:11:50.689Z] Checked if tokens are valid: true, expires at: 1760190777697
[debug] [2025-10-11T13:11:50.689Z] Checked if tokens are valid: true, expires at: 1760190777697
[debug] [2025-10-11T13:11:50.689Z] >>> [apiv2][query] POST https://iam.googleapis.com/v1/projects/spendy-97913/serviceAccounts/spendy-97913@appspot.gserviceaccount.com:testIamPermissions [none]
[debug] [2025-10-11T13:11:50.689Z] >>> [apiv2][body] POST https://iam.googleapis.com/v1/projects/spendy-97913/serviceAccounts/spendy-97913@appspot.gserviceaccount.com:testIamPermissions {"permissions":["iam.serviceAccounts.actAs"]}
[debug] [2025-10-11T13:11:53.115Z] <<< [apiv2][status] POST https://iam.googleapis.com/v1/projects/spendy-97913/serviceAccounts/spendy-97913@appspot.gserviceaccount.com:testIamPermissions 200
[debug] [2025-10-11T13:11:53.116Z] <<< [apiv2][body] POST https://iam.googleapis.com/v1/projects/spendy-97913/serviceAccounts/spendy-97913@appspot.gserviceaccount.com:testIamPermissions {"permissions":["iam.serviceAccounts.actAs"]}
[info] 
[info] === Deploying to 'spendy-97913'...
[info] 
[info] i  deploying functions 
[info] Running command: npm --prefix "$RESOURCE_DIR" run lint
[info] ✔  functions: Finished running predeploy script. 
[debug] [2025-10-11T13:11:53.748Z] Checked if tokens are valid: true, expires at: 1760190777697
[debug] [2025-10-11T13:11:53.748Z] Checked if tokens are valid: true, expires at: 1760190777697
[debug] [2025-10-11T13:11:53.748Z] >>> [apiv2][query] GET https://cloudresourcemanager.googleapis.com/v1/projects/spendy-97913 [none]
[debug] [2025-10-11T13:11:54.021Z] <<< [apiv2][status] GET https://cloudresourcemanager.googleapis.com/v1/projects/spendy-97913 200
[debug] [2025-10-11T13:11:54.021Z] <<< [apiv2][body] GET https://cloudresourcemanager.googleapis.com/v1/projects/spendy-97913 {"projectNumber":"576826934856","projectId":"spendy-97913","lifecycleState":"ACTIVE","name":"spendy","labels":{"firebase":"enabled","firebase-core":"disabled"},"createTime":"2025-05-27T11:27:54.080895Z"}
[info] i  functions: preparing codebase default for deployment 
[info] i  functions: ensuring required API cloudfunctions.googleapis.com is enabled... 
[info] i  functions: ensuring required API cloudbuild.googleapis.com is enabled... 
[info] i  artifactregistry: ensuring required API artifactregistry.googleapis.com is enabled... 
[debug] [2025-10-11T13:11:54.022Z] Checked if tokens are valid: true, expires at: 1760190777697
[debug] [2025-10-11T13:11:54.022Z] Checked if tokens are valid: true, expires at: 1760190777697
[debug] [2025-10-11T13:11:54.022Z] >>> [apiv2][query] GET https://firebase.googleapis.com/v1beta1/projects/spendy-97913/adminSdkConfig [none]
[debug] [2025-10-11T13:11:55.351Z] <<< [apiv2][status] GET https://firebase.googleapis.com/v1beta1/projects/spendy-97913/adminSdkConfig 200
[debug] [2025-10-11T13:11:55.352Z] <<< [apiv2][body] GET https://firebase.googleapis.com/v1beta1/projects/spendy-97913/adminSdkConfig {"projectId":"spendy-97913","storageBucket":"spendy-97913.firebasestorage.app"}
[debug] [2025-10-11T13:11:55.352Z] Checked if tokens are valid: true, expires at: 1760190777697
[debug] [2025-10-11T13:11:55.352Z] Checked if tokens are valid: true, expires at: 1760190777697
[debug] [2025-10-11T13:11:55.352Z] >>> [apiv2][query] GET https://runtimeconfig.googleapis.com/v1beta1/projects/spendy-97913/configs [none]
[debug] [2025-10-11T13:11:55.842Z] <<< [apiv2][status] GET https://runtimeconfig.googleapis.com/v1beta1/projects/spendy-97913/configs 200
[debug] [2025-10-11T13:11:55.842Z] <<< [apiv2][body] GET https://runtimeconfig.googleapis.com/v1beta1/projects/spendy-97913/configs {}
[debug] [2025-10-11T13:11:55.843Z] Validating nodejs source
[warn] ⚠  functions: Runtime Node.js 18 was deprecated on 2025-04-30 and will be decommissioned on 2025-10-30, after which you will not be able to deploy without upgrading. Consider upgrading now to avoid disruption. See https://cloud.google.com/functions/docs/runtime-support for full details on the lifecycle policy 
[warn] ⚠  functions: package.json indicates an outdated version of firebase-functions. Please upgrade using npm install --save firebase-functions@latest in your functions directory. 
[debug] [2025-10-11T13:11:56.709Z] > [functions] package.json contents: {
  "name": "functions",
  "description": "Spendy Deals Cloud Functions",
  "scripts": {
    "serve": "firebase emulators:start --only functions",
    "shell": "firebase functions:shell",
    "start": "npm run shell",
    "deploy": "firebase deploy --only functions --force",
    "logs": "firebase functions:log",
    "lint": "exit 0",
    "lint:fix": "eslint . --fix",
    "android": "expo run:android",
    "ios": "expo run:ios"
  },
  "engines": {
    "node": "18"
  },
  "main": "index.js",
  "dependencies": {
    "cors": "^2.8.5",
    "dotenv": "^17.2.1",
    "expo": "~53.0.22",
    "express": "^5.1.0",
    "firebase-admin": "^11.8.0",
    "firebase-functions": "^6.4.0",
    "libphonenumber-js": "^1.12.22",
    "nodemailer": "^6.9.8",
    "react": "19.0.0",
    "react-native": "0.79.6"
  },
  "devDependencies": {
    "eslint": "^8.15.0",
    "eslint-config-google": "^0.14.0",
    "firebase-functions-test": "^3.1.0"
  },
  "private": true,
  "version": "1.0.0"
}
[debug] [2025-10-11T13:11:56.709Z] Building nodejs source
[info] i  functions: Loading and analyzing source code for codebase default to determine what to deploy 
[debug] [2025-10-11T13:11:56.709Z] Could not find functions.yaml. Must use http discovery
[debug] [2025-10-11T13:11:56.714Z] Found firebase-functions binary at '/Users/sreeramvennapusa/Documents/spendy-fresh/functions/node_modules/.bin/firebase-functions'
[info] Serving at port 8279

[info] [dotenv@17.2.1] injecting env (4) from .env -- tip: ⚙️  suppress all logs with { quiet: true }

[debug] [2025-10-11T13:11:57.145Z] Got response from /__/functions.yaml {"endpoints":{"meetnsplitApi":{"availableMemoryMb":null,"timeoutSeconds":null,"minInstances":null,"maxInstances":null,"ingressSettings":null,"concurrency":null,"serviceAccountEmail":null,"vpc":null,"platform":"gcfv2","labels":{},"httpsTrigger":{},"entryPoint":"meetnsplitApi"},"processReminderNotifications":{"availableMemoryMb":null,"timeoutSeconds":null,"minInstances":null,"maxInstances":null,"ingressSettings":null,"concurrency":null,"serviceAccountEmail":null,"vpc":null,"platform":"gcfv2","labels":{},"scheduleTrigger":{"schedule":"*/5 * * * *","retryConfig":{"retryCount":null,"maxDoublings":null,"maxRetrySeconds":null,"minBackoffSeconds":null,"maxBackoffSeconds":null},"timeZone":null},"entryPoint":"processReminderNotifications"},"triggerNotificationProcessing":{"availableMemoryMb":null,"timeoutSeconds":null,"minInstances":null,"maxInstances":null,"ingressSettings":null,"concurrency":null,"serviceAccountEmail":null,"vpc":null,"platform":"gcfv2","labels":{},"callableTrigger":{},"entryPoint":"triggerNotificationProcessing"},"sendDailyExpenseReminders":{"availableMemoryMb":null,"timeoutSeconds":null,"minInstances":null,"maxInstances":null,"ingressSettings":null,"concurrency":null,"serviceAccountEmail":null,"vpc":null,"platform":"gcfv2","labels":{},"scheduleTrigger":{"schedule":"0 20 * * *","retryConfig":{"retryCount":null,"maxDoublings":null,"maxRetrySeconds":null,"minBackoffSeconds":null,"maxBackoffSeconds":null},"timeZone":null},"entryPoint":"sendDailyExpenseReminders"},"cleanupOldNotifications":{"availableMemoryMb":null,"timeoutSeconds":null,"minInstances":null,"maxInstances":null,"ingressSettings":null,"concurrency":null,"serviceAccountEmail":null,"vpc":null,"platform":"gcfv2","labels":{},"scheduleTrigger":{"schedule":"0 2 * * *","retryConfig":{"retryCount":null,"maxDoublings":null,"maxRetrySeconds":null,"minBackoffSeconds":null,"maxBackoffSeconds":null},"timeZone":null},"entryPoint":"cleanupOldNotifications"}},"specVersion":"v1alpha1","requiredAPIs":[{"api":"cloudscheduler.googleapis.com","reason":"Needed for scheduled functions."}],"extensions":{},"params":[{"type":"secret","name":"EMAIL_USER"},{"type":"secret","name":"EMAIL_PASSWORD"}]}
[info] i  extensions: ensuring required API firebaseextensions.googleapis.com is enabled... 
[debug] [2025-10-11T13:12:01.177Z] > command requires scopes: ["email","openid","https://www.googleapis.com/auth/cloudplatformprojects.readonly","https://www.googleapis.com/auth/firebase","https://www.googleapis.com/auth/cloud-platform"]
[debug] [2025-10-11T13:12:01.177Z] > authorizing via signed-in user (svaagsolutions@gmail.com)
[debug] [2025-10-11T13:12:01.177Z] [iam] checking project spendy-97913 for permissions ["firebase.projects.get","firebaseextensions.instances.list"]
[debug] [2025-10-11T13:12:01.177Z] Checked if tokens are valid: true, expires at: 1760190777697
[debug] [2025-10-11T13:12:01.177Z] Checked if tokens are valid: true, expires at: 1760190777697
[debug] [2025-10-11T13:12:01.178Z] >>> [apiv2][query] POST https://cloudresourcemanager.googleapis.com/v1/projects/spendy-97913:testIamPermissions [none]
[debug] [2025-10-11T13:12:01.178Z] >>> [apiv2][(partial)header] POST https://cloudresourcemanager.googleapis.com/v1/projects/spendy-97913:testIamPermissions x-goog-quota-user=projects/spendy-97913
[debug] [2025-10-11T13:12:01.178Z] >>> [apiv2][body] POST https://cloudresourcemanager.googleapis.com/v1/projects/spendy-97913:testIamPermissions {"permissions":["firebase.projects.get","firebaseextensions.instances.list"]}
[debug] [2025-10-11T13:12:02.247Z] <<< [apiv2][status] POST https://cloudresourcemanager.googleapis.com/v1/projects/spendy-97913:testIamPermissions 200
[debug] [2025-10-11T13:12:02.247Z] <<< [apiv2][body] POST https://cloudresourcemanager.googleapis.com/v1/projects/spendy-97913:testIamPermissions {"permissions":["firebase.projects.get","firebaseextensions.instances.list"]}
[debug] [2025-10-11T13:12:02.248Z] Checked if tokens are valid: true, expires at: 1760190777697
[debug] [2025-10-11T13:12:02.249Z] Checked if tokens are valid: true, expires at: 1760190777697
[debug] [2025-10-11T13:12:02.249Z] >>> [apiv2][query] GET https://firebaseextensions.googleapis.com/v1beta/projects/spendy-97913/instances pageSize=100&pageToken=
[debug] [2025-10-11T13:12:03.547Z] <<< [apiv2][status] GET https://firebaseextensions.googleapis.com/v1beta/projects/spendy-97913/instances 200
[debug] [2025-10-11T13:12:03.547Z] <<< [apiv2][body] GET https://firebaseextensions.googleapis.com/v1beta/projects/spendy-97913/instances {}
[info] i  functions: Loaded environment variables from .env. 
[info] i  functions: preparing functions directory for uploading... 
[info] i  functions: packaged /Users/sreeramvennapusa/Documents/spendy-fresh/functions (96.24 MB) for uploading 
[debug] [2025-10-11T13:12:07.967Z] Checked if tokens are valid: true, expires at: 1760190777697
[debug] [2025-10-11T13:12:07.967Z] Checked if tokens are valid: true, expires at: 1760190777697
[debug] [2025-10-11T13:12:07.967Z] >>> [apiv2][query] GET https://cloudfunctions.googleapis.com/v1/projects/spendy-97913/locations/-/functions [none]
[debug] [2025-10-11T13:12:08.874Z] <<< [apiv2][status] GET https://cloudfunctions.googleapis.com/v1/projects/spendy-97913/locations/-/functions 200
[debug] [2025-10-11T13:12:08.875Z] <<< [apiv2][body] GET https://cloudfunctions.googleapis.com/v1/projects/spendy-97913/locations/-/functions {}
[debug] [2025-10-11T13:12:08.876Z] Checked if tokens are valid: true, expires at: 1760190777697
[debug] [2025-10-11T13:12:08.876Z] Checked if tokens are valid: true, expires at: 1760190777697
[debug] [2025-10-11T13:12:08.876Z] >>> [apiv2][query] GET https://cloudfunctions.googleapis.com/v2/projects/spendy-97913/locations/-/functions filter=environment%3D%22GEN_2%22
[debug] [2025-10-11T13:12:10.614Z] <<< [apiv2][status] GET https://cloudfunctions.googleapis.com/v2/projects/spendy-97913/locations/-/functions 200
[debug] [2025-10-11T13:12:10.615Z] <<< [apiv2][body] GET https://cloudfunctions.googleapis.com/v2/projects/spendy-97913/locations/-/functions {"functions":[{"name":"projects/spendy-97913/locations/us-central1/functions/cleanupOldNotifications","buildConfig":{"build":"projects/576826934856/locations/us-central1/builds/da5ca419-2cdf-464f-a69e-ca8bbcb75173","runtime":"nodejs18","entryPoint":"cleanupOldNotifications","source":{"storageSource":{"bucket":"gcf-v2-sources-576826934856-us-central1","object":"cleanupOldNotifications/function-source.zip","generation":"1760187326843140"}},"environmentVariables":{"GOOGLE_NODE_RUN_SCRIPTS":""},"dockerRepository":"projects/spendy-97913/locations/us-central1/repositories/gcf-artifacts","sourceProvenance":{"resolvedStorageSource":{"bucket":"gcf-v2-sources-576826934856-us-central1","object":"cleanupOldNotifications/function-source.zip","generation":"1760187326843140"}},"dockerRegistry":"ARTIFACT_REGISTRY","serviceAccount":"projects/spendy-97913/serviceAccounts/576826934856-compute@developer.gserviceaccount.com","automaticUpdatePolicy":{}},"serviceConfig":{"service":"projects/spendy-97913/locations/us-central1/services/cleanupoldnotifications","timeoutSeconds":60,"environmentVariables":{"SMTP_HOST":"smtpout.secureserver.net","SMTP_PORT":"465","EMAIL_USER":"admin@meetnsplit.com","EMAIL_PASSWORD":"Abhiram@030289","FIREBASE_CONFIG":"{\"projectId\":\"spendy-97913\",\"storageBucket\":\"spendy-97913.firebasestorage.app\"}","GCLOUD_PROJECT":"spendy-97913","EVENTARC_CLOUD_EVENT_SOURCE":"projects/spendy-97913/locations/us-central1/services/cleanupOldNotifications","FUNCTION_TARGET":"cleanupOldNotifications","LOG_EXECUTION_ID":"true","FUNCTION_SIGNATURE_TYPE":"http"},"maxInstanceCount":20,"ingressSettings":"ALLOW_ALL","uri":"https://cleanupoldnotifications-k5mlmspqua-uc.a.run.app","serviceAccountEmail":"576826934856-compute@developer.gserviceaccount.com","availableMemory":"256Mi","allTrafficOnLatestRevision":true,"revision":"cleanupoldnotifications-00022-wox","maxInstanceRequestConcurrency":80,"availableCpu":"1"},"state":"ACTIVE","updateTime":"2025-10-11T12:55:56.044585123Z","labels":{"deployment-tool":"cli-firebase","deployment-scheduled":"true","firebase-functions-hash":"d03b29b54a760fd8674b1ca61cd6d1e1af8b4c07"},"environment":"GEN_2","url":"https://us-central1-spendy-97913.cloudfunctions.net/cleanupOldNotifications","createTime":"2025-09-30T02:04:36.484295773Z","satisfiesPzi":true},{"name":"projects/spendy-97913/locations/us-central1/functions/processReminderNotifications","buildConfig":{"build":"projects/576826934856/locations/us-central1/builds/da5ca419-2cdf-464f-a69e-ca8bbcb75173","runtime":"nodejs18","entryPoint":"processReminderNotifications","source":{"storageSource":{"bucket":"gcf-v2-sources-576826934856-us-central1","object":"processReminderNotifications/function-source.zip","generation":"1760187326700267"}},"environmentVariables":{"GOOGLE_NODE_RUN_SCRIPTS":""},"dockerRepository":"projects/spendy-97913/locations/us-central1/repositories/gcf-artifacts","sourceProvenance":{"resolvedStorageSource":{"bucket":"gcf-v2-sources-576826934856-us-central1","object":"processReminderNotifications/function-source.zip","generation":"1760187326700267"}},"dockerRegistry":"ARTIFACT_REGISTRY","serviceAccount":"projects/spendy-97913/serviceAccounts/576826934856-compute@developer.gserviceaccount.com","automaticUpdatePolicy":{}},"serviceConfig":{"service":"projects/spendy-97913/locations/us-central1/services/processremindernotifications","timeoutSeconds":60,"environmentVariables":{"SMTP_HOST":"smtpout.secureserver.net","SMTP_PORT":"465","EMAIL_USER":"admin@meetnsplit.com","EMAIL_PASSWORD":"Abhiram@030289","FIREBASE_CONFIG":"{\"projectId\":\"spendy-97913\",\"storageBucket\":\"spendy-97913.firebasestorage.app\"}","GCLOUD_PROJECT":"spendy-97913","EVENTARC_CLOUD_EVENT_SOURCE":"projects/spendy-97913/locations/us-central1/services/processReminderNotifications","FUNCTION_TARGET":"processReminderNotifications","LOG_EXECUTION_ID":"true","FUNCTION_SIGNATURE_TYPE":"http"},"maxInstanceCount":20,"ingressSettings":"ALLOW_ALL","uri":"https://processremindernotifications-k5mlmspqua-uc.a.run.app","serviceAccountEmail":"576826934856-compute@developer.gserviceaccount.com","availableMemory":"256Mi","allTrafficOnLatestRevision":true,"revision":"processremindernotifications-00022-gup","maxInstanceRequestConcurrency":80,"availableCpu":"1"},"state":"ACTIVE","updateTime":"2025-10-11T12:55:57.663637080Z","labels":{"deployment-scheduled":"true","firebase-functions-hash":"d03b29b54a760fd8674b1ca61cd6d1e1af8b4c07","deployment-tool":"cli-firebase"},"environment":"GEN_2","url":"https://us-central1-spendy-97913.cloudfunctions.net/processReminderNotifications","createTime":"2025-09-30T02:04:36.360589784Z","satisfiesPzi":true},{"name":"projects/spendy-97913/locations/us-central1/functions/meetnsplitApi","buildConfig":{"build":"projects/576826934856/locations/us-central1/builds/da5ca419-2cdf-464f-a69e-ca8bbcb75173","runtime":"nodejs18","entryPoint":"meetnsplitApi","source":{"storageSource":{"bucket":"gcf-v2-sources-576826934856-us-central1","object":"meetnsplitApi/function-source.zip","generation":"1760187233091486"}},"environmentVariables":{"GOOGLE_NODE_RUN_SCRIPTS":""},"dockerRepository":"projects/spendy-97913/locations/us-central1/repositories/gcf-artifacts","sourceProvenance":{"resolvedStorageSource":{"bucket":"gcf-v2-sources-576826934856-us-central1","object":"meetnsplitApi/function-source.zip","generation":"1760187233091486"}},"dockerRegistry":"ARTIFACT_REGISTRY","serviceAccount":"projects/spendy-97913/serviceAccounts/576826934856-compute@developer.gserviceaccount.com","automaticUpdatePolicy":{}},"serviceConfig":{"service":"projects/spendy-97913/locations/us-central1/services/meetnsplitapi","timeoutSeconds":60,"environmentVariables":{"SMTP_HOST":"smtpout.secureserver.net","SMTP_PORT":"465","EMAIL_USER":"admin@meetnsplit.com","EMAIL_PASSWORD":"Abhiram@030289","FIREBASE_CONFIG":"{\"projectId\":\"spendy-97913\",\"storageBucket\":\"spendy-97913.firebasestorage.app\"}","GCLOUD_PROJECT":"spendy-97913","EVENTARC_CLOUD_EVENT_SOURCE":"projects/spendy-97913/locations/us-central1/services/meetnsplitApi","FUNCTION_TARGET":"meetnsplitApi","LOG_EXECUTION_ID":"true"},"maxInstanceCount":20,"ingressSettings":"ALLOW_ALL","uri":"https://meetnsplitapi-k5mlmspqua-uc.a.run.app","serviceAccountEmail":"576826934856-compute@developer.gserviceaccount.com","availableMemory":"256Mi","allTrafficOnLatestRevision":true,"revision":"meetnsplitapi-00034-jay","maxInstanceRequestConcurrency":80,"availableCpu":"1"},"state":"ACTIVE","updateTime":"2025-10-11T12:55:48.836795728Z","labels":{"deployment-tool":"cli-firebase","firebase-functions-hash":"d03b29b54a760fd8674b1ca61cd6d1e1af8b4c07"},"environment":"GEN_2","url":"https://us-central1-spendy-97913.cloudfunctions.net/meetnsplitApi","createTime":"2025-09-30T02:02:19.254555956Z","satisfiesPzi":true},{"name":"projects/spendy-97913/locations/us-central1/functions/triggerNotificationProcessing","buildConfig":{"build":"projects/576826934856/locations/us-central1/builds/da5ca419-2cdf-464f-a69e-ca8bbcb75173","runtime":"nodejs18","entryPoint":"triggerNotificationProcessing","source":{"storageSource":{"bucket":"gcf-v2-sources-576826934856-us-central1","object":"triggerNotificationProcessing/function-source.zip","generation":"1760187326878925"}},"environmentVariables":{"GOOGLE_NODE_RUN_SCRIPTS":""},"dockerRepository":"projects/spendy-97913/locations/us-central1/repositories/gcf-artifacts","sourceProvenance":{"resolvedStorageSource":{"bucket":"gcf-v2-sources-576826934856-us-central1","object":"triggerNotificationProcessing/function-source.zip","generation":"1760187326878925"}},"dockerRegistry":"ARTIFACT_REGISTRY","serviceAccount":"projects/spendy-97913/serviceAccounts/576826934856-compute@developer.gserviceaccount.com","automaticUpdatePolicy":{}},"serviceConfig":{"service":"projects/spendy-97913/locations/us-central1/services/triggernotificationprocessing","timeoutSeconds":60,"environmentVariables":{"SMTP_HOST":"smtpout.secureserver.net","SMTP_PORT":"465","EMAIL_USER":"admin@meetnsplit.com","EMAIL_PASSWORD":"Abhiram@030289","FIREBASE_CONFIG":"{\"projectId\":\"spendy-97913\",\"storageBucket\":\"spendy-97913.firebasestorage.app\"}","GCLOUD_PROJECT":"spendy-97913","EVENTARC_CLOUD_EVENT_SOURCE":"projects/spendy-97913/locations/us-central1/services/triggerNotificationProcessing","FUNCTION_TARGET":"triggerNotificationProcessing","LOG_EXECUTION_ID":"true","FUNCTION_SIGNATURE_TYPE":"http"},"maxInstanceCount":20,"ingressSettings":"ALLOW_ALL","uri":"https://triggernotificationprocessing-k5mlmspqua-uc.a.run.app","serviceAccountEmail":"576826934856-compute@developer.gserviceaccount.com","availableMemory":"256Mi","allTrafficOnLatestRevision":true,"revision":"triggernotificationprocessing-00022-nod","maxInstanceRequestConcurrency":80,"availableCpu":"1"},"state":"ACTIVE","updateTime":"2025-10-11T12:55:48.346224921Z","labels":{"deployment-callable":"true","firebase-functions-hash":"d03b29b54a760fd8674b1ca61cd6d1e1af8b4c07","deployment-tool":"cli-firebase"},"environment":"GEN_2","url":"https://us-central1-spendy-97913.cloudfunctions.net/triggerNotificationProcessing","createTime":"2025-09-30T02:04:36.359831348Z","satisfiesPzi":true},{"name":"projects/spendy-97913/locations/us-central1/functions/sendDailyExpenseReminders","buildConfig":{"build":"projects/576826934856/locations/us-central1/builds/da5ca419-2cdf-464f-a69e-ca8bbcb75173","runtime":"nodejs18","entryPoint":"sendDailyExpenseReminders","source":{"storageSource":{"bucket":"gcf-v2-sources-576826934856-us-central1","object":"sendDailyExpenseReminders/function-source.zip","generation":"1760187326880414"}},"environmentVariables":{"GOOGLE_NODE_RUN_SCRIPTS":""},"dockerRepository":"projects/spendy-97913/locations/us-central1/repositories/gcf-artifacts","sourceProvenance":{"resolvedStorageSource":{"bucket":"gcf-v2-sources-576826934856-us-central1","object":"sendDailyExpenseReminders/function-source.zip","generation":"1760187326880414"}},"dockerRegistry":"ARTIFACT_REGISTRY","serviceAccount":"projects/spendy-97913/serviceAccounts/576826934856-compute@developer.gserviceaccount.com","automaticUpdatePolicy":{}},"serviceConfig":{"service":"projects/spendy-97913/locations/us-central1/services/senddailyexpensereminders","timeoutSeconds":60,"environmentVariables":{"SMTP_HOST":"smtpout.secureserver.net","SMTP_PORT":"465","EMAIL_USER":"admin@meetnsplit.com","EMAIL_PASSWORD":"Abhiram@030289","FIREBASE_CONFIG":"{\"projectId\":\"spendy-97913\",\"storageBucket\":\"spendy-97913.firebasestorage.app\"}","GCLOUD_PROJECT":"spendy-97913","EVENTARC_CLOUD_EVENT_SOURCE":"projects/spendy-97913/locations/us-central1/services/sendDailyExpenseReminders","FUNCTION_TARGET":"sendDailyExpenseReminders","LOG_EXECUTION_ID":"true","FUNCTION_SIGNATURE_TYPE":"http"},"maxInstanceCount":20,"ingressSettings":"ALLOW_ALL","uri":"https://senddailyexpensereminders-k5mlmspqua-uc.a.run.app","serviceAccountEmail":"576826934856-compute@developer.gserviceaccount.com","availableMemory":"256Mi","allTrafficOnLatestRevision":true,"revision":"senddailyexpensereminders-00022-vom","maxInstanceRequestConcurrency":80,"availableCpu":"1"},"state":"ACTIVE","updateTime":"2025-10-11T12:55:56.347243289Z","labels":{"firebase-functions-hash":"d03b29b54a760fd8674b1ca61cd6d1e1af8b4c07","deployment-tool":"cli-firebase","deployment-scheduled":"true"},"environment":"GEN_2","url":"https://us-central1-spendy-97913.cloudfunctions.net/sendDailyExpenseReminders","createTime":"2025-09-30T02:04:36.607550788Z","satisfiesPzi":true}]}
[info] i  functions: ensuring required API cloudscheduler.googleapis.com is enabled... 
[info] i  functions: ensuring required API run.googleapis.com is enabled... 
[info] i  functions: ensuring required API eventarc.googleapis.com is enabled... 
[info] i  functions: ensuring required API pubsub.googleapis.com is enabled... 
[info] i  functions: ensuring required API storage.googleapis.com is enabled... 
[info] i  functions: generating the service identity for pubsub.googleapis.com... 
[debug] [2025-10-11T13:12:10.622Z] Checked if tokens are valid: true, expires at: 1760190777697
[debug] [2025-10-11T13:12:10.622Z] Checked if tokens are valid: true, expires at: 1760190777697
[info] i  functions: generating the service identity for eventarc.googleapis.com... 
[debug] [2025-10-11T13:12:10.622Z] Checked if tokens are valid: true, expires at: 1760190777697
[debug] [2025-10-11T13:12:10.622Z] Checked if tokens are valid: true, expires at: 1760190777697
[debug] [2025-10-11T13:12:10.623Z] >>> [apiv2][query] POST https://serviceusage.googleapis.com/v1beta1/projects/576826934856/services/pubsub.googleapis.com:generateServiceIdentity [none]
[debug] [2025-10-11T13:12:10.623Z] >>> [apiv2][(partial)header] POST https://serviceusage.googleapis.com/v1beta1/projects/576826934856/services/pubsub.googleapis.com:generateServiceIdentity x-goog-quota-user=projects/576826934856
[debug] [2025-10-11T13:12:10.623Z] >>> [apiv2][body] POST https://serviceusage.googleapis.com/v1beta1/projects/576826934856/services/pubsub.googleapis.com:generateServiceIdentity {}
[debug] [2025-10-11T13:12:10.624Z] >>> [apiv2][query] POST https://serviceusage.googleapis.com/v1beta1/projects/576826934856/services/eventarc.googleapis.com:generateServiceIdentity [none]
[debug] [2025-10-11T13:12:10.624Z] >>> [apiv2][(partial)header] POST https://serviceusage.googleapis.com/v1beta1/projects/576826934856/services/eventarc.googleapis.com:generateServiceIdentity x-goog-quota-user=projects/576826934856
[debug] [2025-10-11T13:12:10.624Z] >>> [apiv2][body] POST https://serviceusage.googleapis.com/v1beta1/projects/576826934856/services/eventarc.googleapis.com:generateServiceIdentity {}
[debug] [2025-10-11T13:12:12.354Z] <<< [apiv2][status] POST https://serviceusage.googleapis.com/v1beta1/projects/576826934856/services/eventarc.googleapis.com:generateServiceIdentity 200
[debug] [2025-10-11T13:12:12.354Z] <<< [apiv2][body] POST https://serviceusage.googleapis.com/v1beta1/projects/576826934856/services/eventarc.googleapis.com:generateServiceIdentity {"name":"operations/finished.DONE_OPERATION","done":true,"response":{"@type":"type.googleapis.com/google.api.serviceusage.v1beta1.ServiceIdentity","email":"service-576826934856@gcp-sa-eventarc.iam.gserviceaccount.com","uniqueId":"103320796707320150885"}}
[debug] [2025-10-11T13:12:12.355Z] <<< [apiv2][status] POST https://serviceusage.googleapis.com/v1beta1/projects/576826934856/services/pubsub.googleapis.com:generateServiceIdentity 200
[debug] [2025-10-11T13:12:12.355Z] <<< [apiv2][body] POST https://serviceusage.googleapis.com/v1beta1/projects/576826934856/services/pubsub.googleapis.com:generateServiceIdentity {"name":"operations/finished.DONE_OPERATION","done":true,"response":{"@type":"type.googleapis.com/google.api.serviceusage.v1beta1.ServiceIdentity","email":"service-576826934856@gcp-sa-pubsub.iam.gserviceaccount.com","uniqueId":"107375969045240089082"}}
[debug] [2025-10-11T13:12:12.359Z] Checked if tokens are valid: true, expires at: 1760190777697
[debug] [2025-10-11T13:12:12.360Z] Checked if tokens are valid: true, expires at: 1760190777697
[debug] [2025-10-11T13:12:12.360Z] >>> [apiv2][query] GET https://cloudresourcemanager.googleapis.com/v1/projects/spendy-97913 [none]
[debug] [2025-10-11T13:12:13.443Z] <<< [apiv2][status] GET https://cloudresourcemanager.googleapis.com/v1/projects/spendy-97913 200
[debug] [2025-10-11T13:12:13.444Z] <<< [apiv2][body] GET https://cloudresourcemanager.googleapis.com/v1/projects/spendy-97913 {"projectNumber":"576826934856","projectId":"spendy-97913","lifecycleState":"ACTIVE","name":"spendy","labels":{"firebase":"enabled","firebase-core":"disabled"},"createTime":"2025-05-27T11:27:54.080895Z"}
[debug] [2025-10-11T13:12:13.444Z] Checked if tokens are valid: true, expires at: 1760190777697
[debug] [2025-10-11T13:12:13.444Z] Checked if tokens are valid: true, expires at: 1760190777697
[debug] [2025-10-11T13:12:13.445Z] >>> [apiv2][query] GET https://compute.googleapis.com/compute/v1/projects/576826934856 [none]
[debug] [2025-10-11T13:12:13.900Z] <<< [apiv2][status] GET https://compute.googleapis.com/compute/v1/projects/576826934856 403
[debug] [2025-10-11T13:12:13.900Z] <<< [apiv2][body] GET https://compute.googleapis.com/compute/v1/projects/576826934856 {"error":{"code":403,"message":"Compute Engine API has not been used in project 576826934856 before or it is disabled. Enable it by visiting https://console.developers.google.com/apis/api/compute.googleapis.com/overview?project=576826934856 then retry. If you enabled this API recently, wait a few minutes for the action to propagate to our systems and retry.","errors":[{"message":"Compute Engine API has not been used in project 576826934856 before or it is disabled. Enable it by visiting https://console.developers.google.com/apis/api/compute.googleapis.com/overview?project=576826934856 then retry. If you enabled this API recently, wait a few minutes for the action to propagate to our systems and retry.","domain":"usageLimits","reason":"accessNotConfigured","extendedHelp":"https://console.developers.google.com"}],"status":"PERMISSION_DENIED","details":[{"@type":"type.googleapis.com/google.rpc.ErrorInfo","reason":"SERVICE_DISABLED","domain":"googleapis.com","metadata":{"containerInfo":"576826934856","serviceTitle":"Compute Engine API","service":"compute.googleapis.com","activationUrl":"https://console.developers.google.com/apis/api/compute.googleapis.com/overview?project=576826934856","consumer":"projects/576826934856"}},{"@type":"type.googleapis.com/google.rpc.LocalizedMessage","locale":"en-US","message":"Compute Engine API has not been used in project 576826934856 before or it is disabled. Enable it by visiting https://console.developers.google.com/apis/api/compute.googleapis.com/overview?project=576826934856 then retry. If you enabled this API recently, wait a few minutes for the action to propagate to our systems and retry."},{"@type":"type.googleapis.com/google.rpc.Help","links":[{"description":"Google developers console API activation","url":"https://console.developers.google.com/apis/api/compute.googleapis.com/overview?project=576826934856"}]}]}}
[debug] [2025-10-11T13:12:13.902Z] unable to look up default compute service account. Falling back to 576826934856-compute@developer.gserviceaccount.com. Error: {"name":"FirebaseError","children":[],"context":{"body":{"error":{"code":403,"message":"Compute Engine API has not been used in project 576826934856 before or it is disabled. Enable it by visiting https://console.developers.google.com/apis/api/compute.googleapis.com/overview?project=576826934856 then retry. If you enabled this API recently, wait a few minutes for the action to propagate to our systems and retry.","errors":[{"message":"Compute Engine API has not been used in project 576826934856 before or it is disabled. Enable it by visiting https://console.developers.google.com/apis/api/compute.googleapis.com/overview?project=576826934856 then retry. If you enabled this API recently, wait a few minutes for the action to propagate to our systems and retry.","domain":"usageLimits","reason":"accessNotConfigured","extendedHelp":"https://console.developers.google.com"}],"status":"PERMISSION_DENIED","details":[{"@type":"type.googleapis.com/google.rpc.ErrorInfo","reason":"SERVICE_DISABLED","domain":"googleapis.com","metadata":{"containerInfo":"576826934856","serviceTitle":"Compute Engine API","service":"compute.googleapis.com","activationUrl":"https://console.developers.google.com/apis/api/compute.googleapis.com/overview?project=576826934856","consumer":"projects/576826934856"}},{"@type":"type.googleapis.com/google.rpc.LocalizedMessage","locale":"en-US","message":"Compute Engine API has not been used in project 576826934856 before or it is disabled. Enable it by visiting https://console.developers.google.com/apis/api/compute.googleapis.com/overview?project=576826934856 then retry. If you enabled this API recently, wait a few minutes for the action to propagate to our systems and retry."},{"@type":"type.googleapis.com/google.rpc.Help","links":[{"description":"Google developers console API activation","url":"https://console.developers.google.com/apis/api/compute.googleapis.com/overview?project=576826934856"}]}]}},"response":{"statusCode":403}},"exit":1,"message":"Request to https://compute.googleapis.com/compute/v1/projects/576826934856 had HTTP Error: 403, Compute Engine API has not been used in project 576826934856 before or it is disabled. Enable it by visiting https://console.developers.google.com/apis/api/compute.googleapis.com/overview?project=576826934856 then retry. If you enabled this API recently, wait a few minutes for the action to propagate to our systems and retry.","status":403}
[debug] [2025-10-11T13:12:13.902Z] Checked if tokens are valid: true, expires at: 1760190777697
[debug] [2025-10-11T13:12:13.902Z] Checked if tokens are valid: true, expires at: 1760190777697
[debug] [2025-10-11T13:12:13.902Z] >>> [apiv2][query] GET https://compute.googleapis.com/compute/v1/projects/576826934856 [none]
[debug] [2025-10-11T13:12:14.246Z] <<< [apiv2][status] GET https://compute.googleapis.com/compute/v1/projects/576826934856 403
[debug] [2025-10-11T13:12:14.246Z] <<< [apiv2][body] GET https://compute.googleapis.com/compute/v1/projects/576826934856 {"error":{"code":403,"message":"Compute Engine API has not been used in project 576826934856 before or it is disabled. Enable it by visiting https://console.developers.google.com/apis/api/compute.googleapis.com/overview?project=576826934856 then retry. If you enabled this API recently, wait a few minutes for the action to propagate to our systems and retry.","errors":[{"message":"Compute Engine API has not been used in project 576826934856 before or it is disabled. Enable it by visiting https://console.developers.google.com/apis/api/compute.googleapis.com/overview?project=576826934856 then retry. If you enabled this API recently, wait a few minutes for the action to propagate to our systems and retry.","domain":"usageLimits","reason":"accessNotConfigured","extendedHelp":"https://console.developers.google.com"}],"status":"PERMISSION_DENIED","details":[{"@type":"type.googleapis.com/google.rpc.ErrorInfo","reason":"SERVICE_DISABLED","domain":"googleapis.com","metadata":{"consumer":"projects/576826934856","activationUrl":"https://console.developers.google.com/apis/api/compute.googleapis.com/overview?project=576826934856","containerInfo":"576826934856","service":"compute.googleapis.com","serviceTitle":"Compute Engine API"}},{"@type":"type.googleapis.com/google.rpc.LocalizedMessage","locale":"en-US","message":"Compute Engine API has not been used in project 576826934856 before or it is disabled. Enable it by visiting https://console.developers.google.com/apis/api/compute.googleapis.com/overview?project=576826934856 then retry. If you enabled this API recently, wait a few minutes for the action to propagate to our systems and retry."},{"@type":"type.googleapis.com/google.rpc.Help","links":[{"description":"Google developers console API activation","url":"https://console.developers.google.com/apis/api/compute.googleapis.com/overview?project=576826934856"}]}]}}
[debug] [2025-10-11T13:12:14.246Z] unable to look up default compute service account. Falling back to 576826934856-compute@developer.gserviceaccount.com. Error: {"name":"FirebaseError","children":[],"context":{"body":{"error":{"code":403,"message":"Compute Engine API has not been used in project 576826934856 before or it is disabled. Enable it by visiting https://console.developers.google.com/apis/api/compute.googleapis.com/overview?project=576826934856 then retry. If you enabled this API recently, wait a few minutes for the action to propagate to our systems and retry.","errors":[{"message":"Compute Engine API has not been used in project 576826934856 before or it is disabled. Enable it by visiting https://console.developers.google.com/apis/api/compute.googleapis.com/overview?project=576826934856 then retry. If you enabled this API recently, wait a few minutes for the action to propagate to our systems and retry.","domain":"usageLimits","reason":"accessNotConfigured","extendedHelp":"https://console.developers.google.com"}],"status":"PERMISSION_DENIED","details":[{"@type":"type.googleapis.com/google.rpc.ErrorInfo","reason":"SERVICE_DISABLED","domain":"googleapis.com","metadata":{"consumer":"projects/576826934856","activationUrl":"https://console.developers.google.com/apis/api/compute.googleapis.com/overview?project=576826934856","containerInfo":"576826934856","service":"compute.googleapis.com","serviceTitle":"Compute Engine API"}},{"@type":"type.googleapis.com/google.rpc.LocalizedMessage","locale":"en-US","message":"Compute Engine API has not been used in project 576826934856 before or it is disabled. Enable it by visiting https://console.developers.google.com/apis/api/compute.googleapis.com/overview?project=576826934856 then retry. If you enabled this API recently, wait a few minutes for the action to propagate to our systems and retry."},{"@type":"type.googleapis.com/google.rpc.Help","links":[{"description":"Google developers console API activation","url":"https://console.developers.google.com/apis/api/compute.googleapis.com/overview?project=576826934856"}]}]}},"response":{"statusCode":403}},"exit":1,"message":"Request to https://compute.googleapis.com/compute/v1/projects/576826934856 had HTTP Error: 403, Compute Engine API has not been used in project 576826934856 before or it is disabled. Enable it by visiting https://console.developers.google.com/apis/api/compute.googleapis.com/overview?project=576826934856 then retry. If you enabled this API recently, wait a few minutes for the action to propagate to our systems and retry.","status":403}
[debug] [2025-10-11T13:12:14.247Z] Checked if tokens are valid: true, expires at: 1760190777697
[debug] [2025-10-11T13:12:14.247Z] Checked if tokens are valid: true, expires at: 1760190777697
[debug] [2025-10-11T13:12:14.247Z] >>> [apiv2][query] GET https://compute.googleapis.com/compute/v1/projects/576826934856 [none]
[debug] [2025-10-11T13:12:14.573Z] <<< [apiv2][status] GET https://compute.googleapis.com/compute/v1/projects/576826934856 403
[debug] [2025-10-11T13:12:14.574Z] <<< [apiv2][body] GET https://compute.googleapis.com/compute/v1/projects/576826934856 {"error":{"code":403,"message":"Compute Engine API has not been used in project 576826934856 before or it is disabled. Enable it by visiting https://console.developers.google.com/apis/api/compute.googleapis.com/overview?project=576826934856 then retry. If you enabled this API recently, wait a few minutes for the action to propagate to our systems and retry.","errors":[{"message":"Compute Engine API has not been used in project 576826934856 before or it is disabled. Enable it by visiting https://console.developers.google.com/apis/api/compute.googleapis.com/overview?project=576826934856 then retry. If you enabled this API recently, wait a few minutes for the action to propagate to our systems and retry.","domain":"usageLimits","reason":"accessNotConfigured","extendedHelp":"https://console.developers.google.com"}],"status":"PERMISSION_DENIED","details":[{"@type":"type.googleapis.com/google.rpc.ErrorInfo","reason":"SERVICE_DISABLED","domain":"googleapis.com","metadata":{"service":"compute.googleapis.com","containerInfo":"576826934856","consumer":"projects/576826934856","activationUrl":"https://console.developers.google.com/apis/api/compute.googleapis.com/overview?project=576826934856","serviceTitle":"Compute Engine API"}},{"@type":"type.googleapis.com/google.rpc.LocalizedMessage","locale":"en-US","message":"Compute Engine API has not been used in project 576826934856 before or it is disabled. Enable it by visiting https://console.developers.google.com/apis/api/compute.googleapis.com/overview?project=576826934856 then retry. If you enabled this API recently, wait a few minutes for the action to propagate to our systems and retry."},{"@type":"type.googleapis.com/google.rpc.Help","links":[{"description":"Google developers console API activation","url":"https://console.developers.google.com/apis/api/compute.googleapis.com/overview?project=576826934856"}]}]}}
[debug] [2025-10-11T13:12:14.574Z] unable to look up default compute service account. Falling back to 576826934856-compute@developer.gserviceaccount.com. Error: {"name":"FirebaseError","children":[],"context":{"body":{"error":{"code":403,"message":"Compute Engine API has not been used in project 576826934856 before or it is disabled. Enable it by visiting https://console.developers.google.com/apis/api/compute.googleapis.com/overview?project=576826934856 then retry. If you enabled this API recently, wait a few minutes for the action to propagate to our systems and retry.","errors":[{"message":"Compute Engine API has not been used in project 576826934856 before or it is disabled. Enable it by visiting https://console.developers.google.com/apis/api/compute.googleapis.com/overview?project=576826934856 then retry. If you enabled this API recently, wait a few minutes for the action to propagate to our systems and retry.","domain":"usageLimits","reason":"accessNotConfigured","extendedHelp":"https://console.developers.google.com"}],"status":"PERMISSION_DENIED","details":[{"@type":"type.googleapis.com/google.rpc.ErrorInfo","reason":"SERVICE_DISABLED","domain":"googleapis.com","metadata":{"service":"compute.googleapis.com","containerInfo":"576826934856","consumer":"projects/576826934856","activationUrl":"https://console.developers.google.com/apis/api/compute.googleapis.com/overview?project=576826934856","serviceTitle":"Compute Engine API"}},{"@type":"type.googleapis.com/google.rpc.LocalizedMessage","locale":"en-US","message":"Compute Engine API has not been used in project 576826934856 before or it is disabled. Enable it by visiting https://console.developers.google.com/apis/api/compute.googleapis.com/overview?project=576826934856 then retry. If you enabled this API recently, wait a few minutes for the action to propagate to our systems and retry."},{"@type":"type.googleapis.com/google.rpc.Help","links":[{"description":"Google developers console API activation","url":"https://console.developers.google.com/apis/api/compute.googleapis.com/overview?project=576826934856"}]}]}},"response":{"statusCode":403}},"exit":1,"message":"Request to https://compute.googleapis.com/compute/v1/projects/576826934856 had HTTP Error: 403, Compute Engine API has not been used in project 576826934856 before or it is disabled. Enable it by visiting https://console.developers.google.com/apis/api/compute.googleapis.com/overview?project=576826934856 then retry. If you enabled this API recently, wait a few minutes for the action to propagate to our systems and retry.","status":403}
[debug] [2025-10-11T13:12:14.574Z] Checked if tokens are valid: true, expires at: 1760190777697
[debug] [2025-10-11T13:12:14.574Z] Checked if tokens are valid: true, expires at: 1760190777697
[debug] [2025-10-11T13:12:14.574Z] >>> [apiv2][query] GET https://compute.googleapis.com/compute/v1/projects/576826934856 [none]
[debug] [2025-10-11T13:12:14.898Z] <<< [apiv2][status] GET https://compute.googleapis.com/compute/v1/projects/576826934856 403
[debug] [2025-10-11T13:12:14.898Z] <<< [apiv2][body] GET https://compute.googleapis.com/compute/v1/projects/576826934856 {"error":{"code":403,"message":"Compute Engine API has not been used in project 576826934856 before or it is disabled. Enable it by visiting https://console.developers.google.com/apis/api/compute.googleapis.com/overview?project=576826934856 then retry. If you enabled this API recently, wait a few minutes for the action to propagate to our systems and retry.","errors":[{"message":"Compute Engine API has not been used in project 576826934856 before or it is disabled. Enable it by visiting https://console.developers.google.com/apis/api/compute.googleapis.com/overview?project=576826934856 then retry. If you enabled this API recently, wait a few minutes for the action to propagate to our systems and retry.","domain":"usageLimits","reason":"accessNotConfigured","extendedHelp":"https://console.developers.google.com"}],"status":"PERMISSION_DENIED","details":[{"@type":"type.googleapis.com/google.rpc.ErrorInfo","reason":"SERVICE_DISABLED","domain":"googleapis.com","metadata":{"activationUrl":"https://console.developers.google.com/apis/api/compute.googleapis.com/overview?project=576826934856","consumer":"projects/576826934856","service":"compute.googleapis.com","containerInfo":"576826934856","serviceTitle":"Compute Engine API"}},{"@type":"type.googleapis.com/google.rpc.LocalizedMessage","locale":"en-US","message":"Compute Engine API has not been used in project 576826934856 before or it is disabled. Enable it by visiting https://console.developers.google.com/apis/api/compute.googleapis.com/overview?project=576826934856 then retry. If you enabled this API recently, wait a few minutes for the action to propagate to our systems and retry."},{"@type":"type.googleapis.com/google.rpc.Help","links":[{"description":"Google developers console API activation","url":"https://console.developers.google.com/apis/api/compute.googleapis.com/overview?project=576826934856"}]}]}}
[debug] [2025-10-11T13:12:14.898Z] unable to look up default compute service account. Falling back to 576826934856-compute@developer.gserviceaccount.com. Error: {"name":"FirebaseError","children":[],"context":{"body":{"error":{"code":403,"message":"Compute Engine API has not been used in project 576826934856 before or it is disabled. Enable it by visiting https://console.developers.google.com/apis/api/compute.googleapis.com/overview?project=576826934856 then retry. If you enabled this API recently, wait a few minutes for the action to propagate to our systems and retry.","errors":[{"message":"Compute Engine API has not been used in project 576826934856 before or it is disabled. Enable it by visiting https://console.developers.google.com/apis/api/compute.googleapis.com/overview?project=576826934856 then retry. If you enabled this API recently, wait a few minutes for the action to propagate to our systems and retry.","domain":"usageLimits","reason":"accessNotConfigured","extendedHelp":"https://console.developers.google.com"}],"status":"PERMISSION_DENIED","details":[{"@type":"type.googleapis.com/google.rpc.ErrorInfo","reason":"SERVICE_DISABLED","domain":"googleapis.com","metadata":{"activationUrl":"https://console.developers.google.com/apis/api/compute.googleapis.com/overview?project=576826934856","consumer":"projects/576826934856","service":"compute.googleapis.com","containerInfo":"576826934856","serviceTitle":"Compute Engine API"}},{"@type":"type.googleapis.com/google.rpc.LocalizedMessage","locale":"en-US","message":"Compute Engine API has not been used in project 576826934856 before or it is disabled. Enable it by visiting https://console.developers.google.com/apis/api/compute.googleapis.com/overview?project=576826934856 then retry. If you enabled this API recently, wait a few minutes for the action to propagate to our systems and retry."},{"@type":"type.googleapis.com/google.rpc.Help","links":[{"description":"Google developers console API activation","url":"https://console.developers.google.com/apis/api/compute.googleapis.com/overview?project=576826934856"}]}]}},"response":{"statusCode":403}},"exit":1,"message":"Request to https://compute.googleapis.com/compute/v1/projects/576826934856 had HTTP Error: 403, Compute Engine API has not been used in project 576826934856 before or it is disabled. Enable it by visiting https://console.developers.google.com/apis/api/compute.googleapis.com/overview?project=576826934856 then retry. If you enabled this API recently, wait a few minutes for the action to propagate to our systems and retry.","status":403}
[debug] [2025-10-11T13:12:14.898Z] Checked if tokens are valid: true, expires at: 1760190777697
[debug] [2025-10-11T13:12:14.898Z] Checked if tokens are valid: true, expires at: 1760190777697
[debug] [2025-10-11T13:12:14.898Z] >>> [apiv2][query] GET https://compute.googleapis.com/compute/v1/projects/576826934856 [none]
[debug] [2025-10-11T13:12:15.325Z] <<< [apiv2][status] GET https://compute.googleapis.com/compute/v1/projects/576826934856 403
[debug] [2025-10-11T13:12:15.325Z] <<< [apiv2][body] GET https://compute.googleapis.com/compute/v1/projects/576826934856 {"error":{"code":403,"message":"Compute Engine API has not been used in project 576826934856 before or it is disabled. Enable it by visiting https://console.developers.google.com/apis/api/compute.googleapis.com/overview?project=576826934856 then retry. If you enabled this API recently, wait a few minutes for the action to propagate to our systems and retry.","errors":[{"message":"Compute Engine API has not been used in project 576826934856 before or it is disabled. Enable it by visiting https://console.developers.google.com/apis/api/compute.googleapis.com/overview?project=576826934856 then retry. If you enabled this API recently, wait a few minutes for the action to propagate to our systems and retry.","domain":"usageLimits","reason":"accessNotConfigured","extendedHelp":"https://console.developers.google.com"}],"status":"PERMISSION_DENIED","details":[{"@type":"type.googleapis.com/google.rpc.ErrorInfo","reason":"SERVICE_DISABLED","domain":"googleapis.com","metadata":{"serviceTitle":"Compute Engine API","service":"compute.googleapis.com","activationUrl":"https://console.developers.google.com/apis/api/compute.googleapis.com/overview?project=576826934856","containerInfo":"576826934856","consumer":"projects/576826934856"}},{"@type":"type.googleapis.com/google.rpc.LocalizedMessage","locale":"en-US","message":"Compute Engine API has not been used in project 576826934856 before or it is disabled. Enable it by visiting https://console.developers.google.com/apis/api/compute.googleapis.com/overview?project=576826934856 then retry. If you enabled this API recently, wait a few minutes for the action to propagate to our systems and retry."},{"@type":"type.googleapis.com/google.rpc.Help","links":[{"description":"Google developers console API activation","url":"https://console.developers.google.com/apis/api/compute.googleapis.com/overview?project=576826934856"}]}]}}
[debug] [2025-10-11T13:12:15.325Z] unable to look up default compute service account. Falling back to 576826934856-compute@developer.gserviceaccount.com. Error: {"name":"FirebaseError","children":[],"context":{"body":{"error":{"code":403,"message":"Compute Engine API has not been used in project 576826934856 before or it is disabled. Enable it by visiting https://console.developers.google.com/apis/api/compute.googleapis.com/overview?project=576826934856 then retry. If you enabled this API recently, wait a few minutes for the action to propagate to our systems and retry.","errors":[{"message":"Compute Engine API has not been used in project 576826934856 before or it is disabled. Enable it by visiting https://console.developers.google.com/apis/api/compute.googleapis.com/overview?project=576826934856 then retry. If you enabled this API recently, wait a few minutes for the action to propagate to our systems and retry.","domain":"usageLimits","reason":"accessNotConfigured","extendedHelp":"https://console.developers.google.com"}],"status":"PERMISSION_DENIED","details":[{"@type":"type.googleapis.com/google.rpc.ErrorInfo","reason":"SERVICE_DISABLED","domain":"googleapis.com","metadata":{"serviceTitle":"Compute Engine API","service":"compute.googleapis.com","activationUrl":"https://console.developers.google.com/apis/api/compute.googleapis.com/overview?project=576826934856","containerInfo":"576826934856","consumer":"projects/576826934856"}},{"@type":"type.googleapis.com/google.rpc.LocalizedMessage","locale":"en-US","message":"Compute Engine API has not been used in project 576826934856 before or it is disabled. Enable it by visiting https://console.developers.google.com/apis/api/compute.googleapis.com/overview?project=576826934856 then retry. If you enabled this API recently, wait a few minutes for the action to propagate to our systems and retry."},{"@type":"type.googleapis.com/google.rpc.Help","links":[{"description":"Google developers console API activation","url":"https://console.developers.google.com/apis/api/compute.googleapis.com/overview?project=576826934856"}]}]}},"response":{"statusCode":403}},"exit":1,"message":"Request to https://compute.googleapis.com/compute/v1/projects/576826934856 had HTTP Error: 403, Compute Engine API has not been used in project 576826934856 before or it is disabled. Enable it by visiting https://console.developers.google.com/apis/api/compute.googleapis.com/overview?project=576826934856 then retry. If you enabled this API recently, wait a few minutes for the action to propagate to our systems and retry.","status":403}
[debug] [2025-10-11T13:12:15.331Z] Checked if tokens are valid: true, expires at: 1760190777697
[debug] [2025-10-11T13:12:15.331Z] Checked if tokens are valid: true, expires at: 1760190777697
[debug] [2025-10-11T13:12:15.331Z] >>> [apiv2][query] GET https://cloudbilling.googleapis.com/v1/projects/spendy-97913/billingInfo [none]
[debug] [2025-10-11T13:12:16.276Z] <<< [apiv2][status] GET https://cloudbilling.googleapis.com/v1/projects/spendy-97913/billingInfo 200
[debug] [2025-10-11T13:12:16.278Z] <<< [apiv2][body] GET https://cloudbilling.googleapis.com/v1/projects/spendy-97913/billingInfo {"name":"projects/spendy-97913/billingInfo","projectId":"spendy-97913","billingAccountName":"billingAccounts/0183C6-EDDD5F-54A4A4","billingEnabled":true}
[debug] [2025-10-11T13:12:16.282Z] Checked if tokens are valid: true, expires at: 1760190777697
[debug] [2025-10-11T13:12:16.282Z] Checked if tokens are valid: true, expires at: 1760190777697
[debug] [2025-10-11T13:12:16.283Z] >>> [apiv2][query] POST https://cloudfunctions.googleapis.com/v2/projects/spendy-97913/locations/us-central1/functions:generateUploadUrl [none]
[debug] [2025-10-11T13:12:17.869Z] <<< [apiv2][status] POST https://cloudfunctions.googleapis.com/v2/projects/spendy-97913/locations/us-central1/functions:generateUploadUrl 200
[debug] [2025-10-11T13:12:17.870Z] <<< [apiv2][body] POST https://cloudfunctions.googleapis.com/v2/projects/spendy-97913/locations/us-central1/functions:generateUploadUrl {"uploadUrl":"https://storage.googleapis.com/gcf-v2-uploads-576826934856.us-central1.cloudfunctions.appspot.com/12a21886-96dd-4d80-b79b-6a1088050020.zip?GoogleAccessId=service-576826934856@gcf-admin-robot.iam.gserviceaccount.com&Expires=1760190137&Signature=yXftW%2BmdzbPPNJWUXTDK6J2Z53KJqK8FzmUoaeEOf4L3XiCeIPcSTbpG9%2FTOcfiilZlzy9EPE76cSJP4HesDpQpBHO0HBNQNnhrsBxdFPqXVFIBcAxknwrHrUGcNvreBplAV6XPVmryI4yG1czZ9w8HYDhIvTnM%2FrPhHvP%2FlY3nVFwenuhZlk%2BX11gl7QSyLG1v1BOn%2B6QVTzM2QMi2d8EdDkCEGUfBPKb5HS2dZ%2BU3tFmKAGWp2Br8DIhpRXzJfVyALbhxsSbel42HhxSNF6jzZM3LX9b6ttxHPK5tAuIxRu6Pa231Co07P8h16U5abHR%2FqVczvIlQTk1R6ckzFOA%3D%3D","storageSource":{"bucket":"gcf-v2-uploads-576826934856.us-central1.cloudfunctions.appspot.com","object":"12a21886-96dd-4d80-b79b-6a1088050020.zip"}}
[debug] [2025-10-11T13:12:17.872Z] >>> [apiv2][query] PUT https://storage.googleapis.com/gcf-v2-uploads-576826934856.us-central1.cloudfunctions.appspot.com/12a21886-96dd-4d80-b79b-6a1088050020.zip GoogleAccessId=service-576826934856%40gcf-admin-robot.iam.gserviceaccount.com&Expires=1760190137&Signature=yXftW%2BmdzbPPNJWUXTDK6J2Z53KJqK8FzmUoaeEOf4L3XiCeIPcSTbpG9%2FTOcfiilZlzy9EPE76cSJP4HesDpQpBHO0HBNQNnhrsBxdFPqXVFIBcAxknwrHrUGcNvreBplAV6XPVmryI4yG1czZ9w8HYDhIvTnM%2FrPhHvP%2FlY3nVFwenuhZlk%2BX11gl7QSyLG1v1BOn%2B6QVTzM2QMi2d8EdDkCEGUfBPKb5HS2dZ%2BU3tFmKAGWp2Br8DIhpRXzJfVyALbhxsSbel42HhxSNF6jzZM3LX9b6ttxHPK5tAuIxRu6Pa231Co07P8h16U5abHR%2FqVczvIlQTk1R6ckzFOA%3D%3D
[debug] [2025-10-11T13:12:17.872Z] >>> [apiv2][body] PUT https://storage.googleapis.com/gcf-v2-uploads-576826934856.us-central1.cloudfunctions.appspot.com/12a21886-96dd-4d80-b79b-6a1088050020.zip [stream]
[debug] [2025-10-11T13:12:38.872Z] <<< [apiv2][status] PUT https://storage.googleapis.com/gcf-v2-uploads-576826934856.us-central1.cloudfunctions.appspot.com/12a21886-96dd-4d80-b79b-6a1088050020.zip 200
[debug] [2025-10-11T13:12:38.872Z] <<< [apiv2][body] PUT https://storage.googleapis.com/gcf-v2-uploads-576826934856.us-central1.cloudfunctions.appspot.com/12a21886-96dd-4d80-b79b-6a1088050020.zip [omitted]
[info] ✔  functions: functions folder uploaded successfully 
[info] i  functions: updating Node.js 18 (2nd Gen) function meetnsplitApi(us-central1)... 
[info] i  functions: updating Node.js 18 (2nd Gen) function processReminderNotifications(us-central1)... 
[info] i  functions: updating Node.js 18 (2nd Gen) function triggerNotificationProcessing(us-central1)... 
[info] i  functions: updating Node.js 18 (2nd Gen) function sendDailyExpenseReminders(us-central1)... 
[info] i  functions: updating Node.js 18 (2nd Gen) function cleanupOldNotifications(us-central1)... 
[debug] [2025-10-11T13:12:38.877Z] Checked if tokens are valid: true, expires at: 1760190777697
[debug] [2025-10-11T13:12:38.877Z] Checked if tokens are valid: true, expires at: 1760190777697
[debug] [2025-10-11T13:12:38.877Z] >>> [apiv2][query] PATCH https://cloudfunctions.googleapis.com/v2/projects/spendy-97913/locations/us-central1/functions/meetnsplitApi updateMask=name%2CbuildConfig.runtime%2CbuildConfig.entryPoint%2CbuildConfig.source.storageSource.bucket%2CbuildConfig.source.storageSource.object%2CbuildConfig.environmentVariables%2CbuildConfig.sourceToken%2CserviceConfig.environmentVariables%2CserviceConfig.ingressSettings%2CserviceConfig.timeoutSeconds%2CserviceConfig.serviceAccountEmail%2CserviceConfig.availableMemory%2CserviceConfig.minInstanceCount%2CserviceConfig.maxInstanceCount%2CserviceConfig.maxInstanceRequestConcurrency%2CserviceConfig.availableCpu%2CserviceConfig.vpcConnector%2CserviceConfig.vpcConnectorEgressSettings%2Clabels
[debug] [2025-10-11T13:12:38.877Z] >>> [apiv2][body] PATCH https://cloudfunctions.googleapis.com/v2/projects/spendy-97913/locations/us-central1/functions/meetnsplitApi {"name":"projects/spendy-97913/locations/us-central1/functions/meetnsplitApi","buildConfig":{"runtime":"nodejs18","entryPoint":"meetnsplitApi","source":{"storageSource":{"bucket":"gcf-v2-uploads-576826934856.us-central1.cloudfunctions.appspot.com","object":"12a21886-96dd-4d80-b79b-6a1088050020.zip"}},"environmentVariables":{"GOOGLE_NODE_RUN_SCRIPTS":""}},"serviceConfig":{"environmentVariables":{"SMTP_HOST":"smtpout.secureserver.net","SMTP_PORT":"465","EMAIL_USER":"admin@meetnsplit.com","EMAIL_PASSWORD":"Abhiram@030289","FIREBASE_CONFIG":"{\"projectId\":\"spendy-97913\",\"storageBucket\":\"spendy-97913.firebasestorage.app\"}","GCLOUD_PROJECT":"spendy-97913","EVENTARC_CLOUD_EVENT_SOURCE":"projects/spendy-97913/locations/us-central1/services/meetnsplitApi","FUNCTION_TARGET":"meetnsplitApi","LOG_EXECUTION_ID":"true"},"ingressSettings":null,"timeoutSeconds":null,"serviceAccountEmail":null,"availableMemory":"256Mi","minInstanceCount":null,"maxInstanceCount":null,"maxInstanceRequestConcurrency":80,"availableCpu":"1","vpcConnector":null,"vpcConnectorEgressSettings":null},"labels":{"deployment-tool":"cli-firebase","firebase-functions-hash":"746902fe0b3c2cd67e80e1308ef82d83b382800f"}}
[debug] [2025-10-11T13:12:41.138Z] <<< [apiv2][status] PATCH https://cloudfunctions.googleapis.com/v2/projects/spendy-97913/locations/us-central1/functions/meetnsplitApi 200
[debug] [2025-10-11T13:12:41.138Z] <<< [apiv2][body] PATCH https://cloudfunctions.googleapis.com/v2/projects/spendy-97913/locations/us-central1/functions/meetnsplitApi {"name":"projects/spendy-97913/locations/us-central1/operations/operation-1760188360241-640e1c9f33243-edc00e4f-e018287b","metadata":{"@type":"type.googleapis.com/google.cloud.functions.v2.OperationMetadata","createTime":"2025-10-11T13:12:41.049080320Z","target":"projects/spendy-97913/locations/us-central1/functions/meetnsplitApi","verb":"update","cancelRequested":false,"apiVersion":"v2"},"done":false}
[debug] [2025-10-11T13:12:41.140Z] Checked if tokens are valid: true, expires at: 1760190777697
[debug] [2025-10-11T13:12:41.140Z] Checked if tokens are valid: true, expires at: 1760190777697
[debug] [2025-10-11T13:12:41.140Z] >>> [apiv2][query] GET https://cloudfunctions.googleapis.com/v2/projects/spendy-97913/locations/us-central1/operations/operation-1760188360241-640e1c9f33243-edc00e4f-e018287b [none]
[debug] [2025-10-11T13:12:42.466Z] <<< [apiv2][status] GET https://cloudfunctions.googleapis.com/v2/projects/spendy-97913/locations/us-central1/operations/operation-1760188360241-640e1c9f33243-edc00e4f-e018287b 200
[debug] [2025-10-11T13:12:42.466Z] <<< [apiv2][body] GET https://cloudfunctions.googleapis.com/v2/projects/spendy-97913/locations/us-central1/operations/operation-1760188360241-640e1c9f33243-edc00e4f-e018287b {"name":"projects/spendy-97913/locations/us-central1/operations/operation-1760188360241-640e1c9f33243-edc00e4f-e018287b","metadata":{"@type":"type.googleapis.com/google.cloud.functions.v2.OperationMetadata","createTime":"2025-10-11T13:12:41.049080320Z","target":"projects/spendy-97913/locations/us-central1/functions/meetnsplitApi","verb":"update","cancelRequested":false,"apiVersion":"v2","requestResource":{"@type":"type.googleapis.com/google.cloud.functions.v2.Function","name":"projects/spendy-97913/locations/us-central1/functions/meetnsplitApi","buildConfig":{"runtime":"nodejs18","entryPoint":"meetnsplitApi","source":{"storageSource":{"bucket":"gcf-v2-sources-576826934856-us-central1","object":"meetnsplitApi/function-source.zip","generation":"1760188361004570"}},"environmentVariables":{"GOOGLE_NODE_RUN_SCRIPTS":""},"dockerRepository":"projects/spendy-97913/locations/us-central1/repositories/gcf-artifacts","sourceProvenance":{"resolvedStorageSource":{"bucket":"gcf-v2-sources-576826934856-us-central1","object":"meetnsplitApi/function-source.zip","generation":"1760187233091486"}},"dockerRegistry":"ARTIFACT_REGISTRY","serviceAccount":"projects/spendy-97913/serviceAccounts/576826934856-compute@developer.gserviceaccount.com","automaticUpdatePolicy":{}},"serviceConfig":{"service":"projects/spendy-97913/locations/us-central1/services/meetnsplitapi","timeoutSeconds":60,"environmentVariables":{"SMTP_HOST":"smtpout.secureserver.net","SMTP_PORT":"465","EMAIL_USER":"admin@meetnsplit.com","EMAIL_PASSWORD":"Abhiram@030289","FIREBASE_CONFIG":"{\"projectId\":\"spendy-97913\",\"storageBucket\":\"spendy-97913.firebasestorage.app\"}","GCLOUD_PROJECT":"spendy-97913","EVENTARC_CLOUD_EVENT_SOURCE":"projects/spendy-97913/locations/us-central1/services/meetnsplitApi","FUNCTION_TARGET":"meetnsplitApi","LOG_EXECUTION_ID":"true"},"ingressSettings":"ALLOW_ALL","uri":"https://meetnsplitapi-k5mlmspqua-uc.a.run.app","serviceAccountEmail":"576826934856-compute@developer.gserviceaccount.com","availableMemory":"256Mi","allTrafficOnLatestRevision":true,"revision":"meetnsplitapi-00034-jay","maxInstanceRequestConcurrency":80,"availableCpu":"1"},"state":"ACTIVE","labels":{"deployment-tool":"cli-firebase","firebase-functions-hash":"746902fe0b3c2cd67e80e1308ef82d83b382800f"},"environment":"GEN_2","url":"https://us-central1-spendy-97913.cloudfunctions.net/meetnsplitApi","satisfiesPzi":true},"stages":[{"name":"BUILD","message":"Build in progress","state":"IN_PROGRESS","resource":"projects/576826934856/locations/us-central1/builds/63748ab6-e38e-499e-9ed5-dbb5d1313128","resourceUri":"https://console.cloud.google.com/cloud-build/builds;region=us-central1/63748ab6-e38e-499e-9ed5-dbb5d1313128?project=576826934856"},{"name":"SERVICE","state":"NOT_STARTED"}],"operationType":"UPDATE_FUNCTION","buildName":"projects/576826934856/locations/us-central1/builds/63748ab6-e38e-499e-9ed5-dbb5d1313128"},"done":false}
[debug] [2025-10-11T13:12:42.967Z] [update-default-us-central1-meetnsplitApi] Retrying task index 0
[debug] [2025-10-11T13:12:42.968Z] Checked if tokens are valid: true, expires at: 1760190777697
[debug] [2025-10-11T13:12:42.968Z] Checked if tokens are valid: true, expires at: 1760190777697
[debug] [2025-10-11T13:12:42.968Z] >>> [apiv2][query] GET https://cloudfunctions.googleapis.com/v2/projects/spendy-97913/locations/us-central1/operations/operation-1760188360241-640e1c9f33243-edc00e4f-e018287b [none]
[debug] [2025-10-11T13:12:44.296Z] <<< [apiv2][status] GET https://cloudfunctions.googleapis.com/v2/projects/spendy-97913/locations/us-central1/operations/operation-1760188360241-640e1c9f33243-edc00e4f-e018287b 200
[debug] [2025-10-11T13:12:44.296Z] <<< [apiv2][body] GET https://cloudfunctions.googleapis.com/v2/projects/spendy-97913/locations/us-central1/operations/operation-1760188360241-640e1c9f33243-edc00e4f-e018287b {"name":"projects/spendy-97913/locations/us-central1/operations/operation-1760188360241-640e1c9f33243-edc00e4f-e018287b","metadata":{"@type":"type.googleapis.com/google.cloud.functions.v2.OperationMetadata","createTime":"2025-10-11T13:12:41.049080320Z","target":"projects/spendy-97913/locations/us-central1/functions/meetnsplitApi","verb":"update","cancelRequested":false,"apiVersion":"v2","requestResource":{"@type":"type.googleapis.com/google.cloud.functions.v2.Function","name":"projects/spendy-97913/locations/us-central1/functions/meetnsplitApi","buildConfig":{"runtime":"nodejs18","entryPoint":"meetnsplitApi","source":{"storageSource":{"bucket":"gcf-v2-sources-576826934856-us-central1","object":"meetnsplitApi/function-source.zip","generation":"1760188361004570"}},"environmentVariables":{"GOOGLE_NODE_RUN_SCRIPTS":""},"dockerRepository":"projects/spendy-97913/locations/us-central1/repositories/gcf-artifacts","sourceProvenance":{"resolvedStorageSource":{"bucket":"gcf-v2-sources-576826934856-us-central1","object":"meetnsplitApi/function-source.zip","generation":"1760187233091486"}},"dockerRegistry":"ARTIFACT_REGISTRY","serviceAccount":"projects/spendy-97913/serviceAccounts/576826934856-compute@developer.gserviceaccount.com","automaticUpdatePolicy":{}},"serviceConfig":{"service":"projects/spendy-97913/locations/us-central1/services/meetnsplitapi","timeoutSeconds":60,"environmentVariables":{"SMTP_HOST":"smtpout.secureserver.net","SMTP_PORT":"465","EMAIL_USER":"admin@meetnsplit.com","EMAIL_PASSWORD":"Abhiram@030289","FIREBASE_CONFIG":"{\"projectId\":\"spendy-97913\",\"storageBucket\":\"spendy-97913.firebasestorage.app\"}","GCLOUD_PROJECT":"spendy-97913","EVENTARC_CLOUD_EVENT_SOURCE":"projects/spendy-97913/locations/us-central1/services/meetnsplitApi","FUNCTION_TARGET":"meetnsplitApi","LOG_EXECUTION_ID":"true"},"ingressSettings":"ALLOW_ALL","uri":"https://meetnsplitapi-k5mlmspqua-uc.a.run.app","serviceAccountEmail":"576826934856-compute@developer.gserviceaccount.com","availableMemory":"256Mi","allTrafficOnLatestRevision":true,"revision":"meetnsplitapi-00034-jay","maxInstanceRequestConcurrency":80,"availableCpu":"1"},"state":"ACTIVE","labels":{"deployment-tool":"cli-firebase","firebase-functions-hash":"746902fe0b3c2cd67e80e1308ef82d83b382800f"},"environment":"GEN_2","url":"https://us-central1-spendy-97913.cloudfunctions.net/meetnsplitApi","satisfiesPzi":true},"stages":[{"name":"BUILD","message":"Build in progress","state":"IN_PROGRESS","resource":"projects/576826934856/locations/us-central1/builds/63748ab6-e38e-499e-9ed5-dbb5d1313128","resourceUri":"https://console.cloud.google.com/cloud-build/builds;region=us-central1/63748ab6-e38e-499e-9ed5-dbb5d1313128?project=576826934856"},{"name":"SERVICE","state":"NOT_STARTED"}],"operationType":"UPDATE_FUNCTION","buildName":"projects/576826934856/locations/us-central1/builds/63748ab6-e38e-499e-9ed5-dbb5d1313128"},"done":false}
[debug] [2025-10-11T13:12:45.298Z] [update-default-us-central1-meetnsplitApi] Retrying task index 0
[debug] [2025-10-11T13:12:45.303Z] Checked if tokens are valid: true, expires at: 1760190777697
[debug] [2025-10-11T13:12:45.304Z] Checked if tokens are valid: true, expires at: 1760190777697
[debug] [2025-10-11T13:12:45.305Z] >>> [apiv2][query] GET https://cloudfunctions.googleapis.com/v2/projects/spendy-97913/locations/us-central1/operations/operation-1760188360241-640e1c9f33243-edc00e4f-e018287b [none]
[debug] [2025-10-11T13:12:46.659Z] <<< [apiv2][status] GET https://cloudfunctions.googleapis.com/v2/projects/spendy-97913/locations/us-central1/operations/operation-1760188360241-640e1c9f33243-edc00e4f-e018287b 200
[debug] [2025-10-11T13:12:46.660Z] <<< [apiv2][body] GET https://cloudfunctions.googleapis.com/v2/projects/spendy-97913/locations/us-central1/operations/operation-1760188360241-640e1c9f33243-edc00e4f-e018287b {"name":"projects/spendy-97913/locations/us-central1/operations/operation-1760188360241-640e1c9f33243-edc00e4f-e018287b","metadata":{"@type":"type.googleapis.com/google.cloud.functions.v2.OperationMetadata","createTime":"2025-10-11T13:12:41.049080320Z","target":"projects/spendy-97913/locations/us-central1/functions/meetnsplitApi","verb":"update","cancelRequested":false,"apiVersion":"v2","requestResource":{"@type":"type.googleapis.com/google.cloud.functions.v2.Function","name":"projects/spendy-97913/locations/us-central1/functions/meetnsplitApi","buildConfig":{"runtime":"nodejs18","entryPoint":"meetnsplitApi","source":{"storageSource":{"bucket":"gcf-v2-sources-576826934856-us-central1","object":"meetnsplitApi/function-source.zip","generation":"1760188361004570"}},"environmentVariables":{"GOOGLE_NODE_RUN_SCRIPTS":""},"dockerRepository":"projects/spendy-97913/locations/us-central1/repositories/gcf-artifacts","sourceProvenance":{"resolvedStorageSource":{"bucket":"gcf-v2-sources-576826934856-us-central1","object":"meetnsplitApi/function-source.zip","generation":"1760187233091486"}},"dockerRegistry":"ARTIFACT_REGISTRY","serviceAccount":"projects/spendy-97913/serviceAccounts/576826934856-compute@developer.gserviceaccount.com","automaticUpdatePolicy":{}},"serviceConfig":{"service":"projects/spendy-97913/locations/us-central1/services/meetnsplitapi","timeoutSeconds":60,"environmentVariables":{"SMTP_HOST":"smtpout.secureserver.net","SMTP_PORT":"465","EMAIL_USER":"admin@meetnsplit.com","EMAIL_PASSWORD":"Abhiram@030289","FIREBASE_CONFIG":"{\"projectId\":\"spendy-97913\",\"storageBucket\":\"spendy-97913.firebasestorage.app\"}","GCLOUD_PROJECT":"spendy-97913","EVENTARC_CLOUD_EVENT_SOURCE":"projects/spendy-97913/locations/us-central1/services/meetnsplitApi","FUNCTION_TARGET":"meetnsplitApi","LOG_EXECUTION_ID":"true"},"ingressSettings":"ALLOW_ALL","uri":"https://meetnsplitapi-k5mlmspqua-uc.a.run.app","serviceAccountEmail":"576826934856-compute@developer.gserviceaccount.com","availableMemory":"256Mi","allTrafficOnLatestRevision":true,"revision":"meetnsplitapi-00034-jay","maxInstanceRequestConcurrency":80,"availableCpu":"1"},"state":"ACTIVE","labels":{"deployment-tool":"cli-firebase","firebase-functions-hash":"746902fe0b3c2cd67e80e1308ef82d83b382800f"},"environment":"GEN_2","url":"https://us-central1-spendy-97913.cloudfunctions.net/meetnsplitApi","satisfiesPzi":true},"stages":[{"name":"BUILD","message":"Build in progress","state":"IN_PROGRESS","resource":"projects/576826934856/locations/us-central1/builds/63748ab6-e38e-499e-9ed5-dbb5d1313128","resourceUri":"https://console.cloud.google.com/cloud-build/builds;region=us-central1/63748ab6-e38e-499e-9ed5-dbb5d1313128?project=576826934856"},{"name":"SERVICE","state":"NOT_STARTED"}],"operationType":"UPDATE_FUNCTION","buildName":"projects/576826934856/locations/us-central1/builds/63748ab6-e38e-499e-9ed5-dbb5d1313128"},"done":false}
[debug] [2025-10-11T13:12:48.661Z] [update-default-us-central1-meetnsplitApi] Retrying task index 0
[debug] [2025-10-11T13:12:48.662Z] Checked if tokens are valid: true, expires at: 1760190777697
[debug] [2025-10-11T13:12:48.662Z] Checked if tokens are valid: true, expires at: 1760190777697
[debug] [2025-10-11T13:12:48.662Z] >>> [apiv2][query] GET https://cloudfunctions.googleapis.com/v2/projects/spendy-97913/locations/us-central1/operations/operation-1760188360241-640e1c9f33243-edc00e4f-e018287b [none]
[debug] [2025-10-11T13:12:49.966Z] <<< [apiv2][status] GET https://cloudfunctions.googleapis.com/v2/projects/spendy-97913/locations/us-central1/operations/operation-1760188360241-640e1c9f33243-edc00e4f-e018287b 200
[debug] [2025-10-11T13:12:49.967Z] <<< [apiv2][body] GET https://cloudfunctions.googleapis.com/v2/projects/spendy-97913/locations/us-central1/operations/operation-1760188360241-640e1c9f33243-edc00e4f-e018287b {"name":"projects/spendy-97913/locations/us-central1/operations/operation-1760188360241-640e1c9f33243-edc00e4f-e018287b","metadata":{"@type":"type.googleapis.com/google.cloud.functions.v2.OperationMetadata","createTime":"2025-10-11T13:12:41.049080320Z","target":"projects/spendy-97913/locations/us-central1/functions/meetnsplitApi","verb":"update","cancelRequested":false,"apiVersion":"v2","requestResource":{"@type":"type.googleapis.com/google.cloud.functions.v2.Function","name":"projects/spendy-97913/locations/us-central1/functions/meetnsplitApi","buildConfig":{"runtime":"nodejs18","entryPoint":"meetnsplitApi","source":{"storageSource":{"bucket":"gcf-v2-sources-576826934856-us-central1","object":"meetnsplitApi/function-source.zip","generation":"1760188361004570"}},"environmentVariables":{"GOOGLE_NODE_RUN_SCRIPTS":""},"dockerRepository":"projects/spendy-97913/locations/us-central1/repositories/gcf-artifacts","sourceProvenance":{"resolvedStorageSource":{"bucket":"gcf-v2-sources-576826934856-us-central1","object":"meetnsplitApi/function-source.zip","generation":"1760187233091486"}},"dockerRegistry":"ARTIFACT_REGISTRY","serviceAccount":"projects/spendy-97913/serviceAccounts/576826934856-compute@developer.gserviceaccount.com","automaticUpdatePolicy":{}},"serviceConfig":{"service":"projects/spendy-97913/locations/us-central1/services/meetnsplitapi","timeoutSeconds":60,"environmentVariables":{"SMTP_HOST":"smtpout.secureserver.net","SMTP_PORT":"465","EMAIL_USER":"admin@meetnsplit.com","EMAIL_PASSWORD":"Abhiram@030289","FIREBASE_CONFIG":"{\"projectId\":\"spendy-97913\",\"storageBucket\":\"spendy-97913.firebasestorage.app\"}","GCLOUD_PROJECT":"spendy-97913","EVENTARC_CLOUD_EVENT_SOURCE":"projects/spendy-97913/locations/us-central1/services/meetnsplitApi","FUNCTION_TARGET":"meetnsplitApi","LOG_EXECUTION_ID":"true"},"ingressSettings":"ALLOW_ALL","uri":"https://meetnsplitapi-k5mlmspqua-uc.a.run.app","serviceAccountEmail":"576826934856-compute@developer.gserviceaccount.com","availableMemory":"256Mi","allTrafficOnLatestRevision":true,"revision":"meetnsplitapi-00034-jay","maxInstanceRequestConcurrency":80,"availableCpu":"1"},"state":"ACTIVE","labels":{"deployment-tool":"cli-firebase","firebase-functions-hash":"746902fe0b3c2cd67e80e1308ef82d83b382800f"},"environment":"GEN_2","url":"https://us-central1-spendy-97913.cloudfunctions.net/meetnsplitApi","satisfiesPzi":true},"stages":[{"name":"BUILD","message":"Build in progress","state":"IN_PROGRESS","resource":"projects/576826934856/locations/us-central1/builds/63748ab6-e38e-499e-9ed5-dbb5d1313128","resourceUri":"https://console.cloud.google.com/cloud-build/builds;region=us-central1/63748ab6-e38e-499e-9ed5-dbb5d1313128?project=576826934856"},{"name":"SERVICE","state":"NOT_STARTED"}],"operationType":"UPDATE_FUNCTION","buildName":"projects/576826934856/locations/us-central1/builds/63748ab6-e38e-499e-9ed5-dbb5d1313128"},"done":false}
[debug] [2025-10-11T13:12:53.968Z] [update-default-us-central1-meetnsplitApi] Retrying task index 0
[debug] [2025-10-11T13:12:53.968Z] Checked if tokens are valid: true, expires at: 1760190777697
[debug] [2025-10-11T13:12:53.968Z] Checked if tokens are valid: true, expires at: 1760190777697
[debug] [2025-10-11T13:12:53.968Z] >>> [apiv2][query] GET https://cloudfunctions.googleapis.com/v2/projects/spendy-97913/locations/us-central1/operations/operation-1760188360241-640e1c9f33243-edc00e4f-e018287b [none]
[debug] [2025-10-11T13:12:55.281Z] <<< [apiv2][status] GET https://cloudfunctions.googleapis.com/v2/projects/spendy-97913/locations/us-central1/operations/operation-1760188360241-640e1c9f33243-edc00e4f-e018287b 200
[debug] [2025-10-11T13:12:55.281Z] <<< [apiv2][body] GET https://cloudfunctions.googleapis.com/v2/projects/spendy-97913/locations/us-central1/operations/operation-1760188360241-640e1c9f33243-edc00e4f-e018287b {"name":"projects/spendy-97913/locations/us-central1/operations/operation-1760188360241-640e1c9f33243-edc00e4f-e018287b","metadata":{"@type":"type.googleapis.com/google.cloud.functions.v2.OperationMetadata","createTime":"2025-10-11T13:12:41.049080320Z","target":"projects/spendy-97913/locations/us-central1/functions/meetnsplitApi","verb":"update","cancelRequested":false,"apiVersion":"v2","requestResource":{"@type":"type.googleapis.com/google.cloud.functions.v2.Function","name":"projects/spendy-97913/locations/us-central1/functions/meetnsplitApi","buildConfig":{"runtime":"nodejs18","entryPoint":"meetnsplitApi","source":{"storageSource":{"bucket":"gcf-v2-sources-576826934856-us-central1","object":"meetnsplitApi/function-source.zip","generation":"1760188361004570"}},"environmentVariables":{"GOOGLE_NODE_RUN_SCRIPTS":""},"dockerRepository":"projects/spendy-97913/locations/us-central1/repositories/gcf-artifacts","sourceProvenance":{"resolvedStorageSource":{"bucket":"gcf-v2-sources-576826934856-us-central1","object":"meetnsplitApi/function-source.zip","generation":"1760187233091486"}},"dockerRegistry":"ARTIFACT_REGISTRY","serviceAccount":"projects/spendy-97913/serviceAccounts/576826934856-compute@developer.gserviceaccount.com","automaticUpdatePolicy":{}},"serviceConfig":{"service":"projects/spendy-97913/locations/us-central1/services/meetnsplitapi","timeoutSeconds":60,"environmentVariables":{"SMTP_HOST":"smtpout.secureserver.net","SMTP_PORT":"465","EMAIL_USER":"admin@meetnsplit.com","EMAIL_PASSWORD":"Abhiram@030289","FIREBASE_CONFIG":"{\"projectId\":\"spendy-97913\",\"storageBucket\":\"spendy-97913.firebasestorage.app\"}","GCLOUD_PROJECT":"spendy-97913","EVENTARC_CLOUD_EVENT_SOURCE":"projects/spendy-97913/locations/us-central1/services/meetnsplitApi","FUNCTION_TARGET":"meetnsplitApi","LOG_EXECUTION_ID":"true"},"ingressSettings":"ALLOW_ALL","uri":"https://meetnsplitapi-k5mlmspqua-uc.a.run.app","serviceAccountEmail":"576826934856-compute@developer.gserviceaccount.com","availableMemory":"256Mi","allTrafficOnLatestRevision":true,"revision":"meetnsplitapi-00034-jay","maxInstanceRequestConcurrency":80,"availableCpu":"1"},"state":"ACTIVE","labels":{"deployment-tool":"cli-firebase","firebase-functions-hash":"746902fe0b3c2cd67e80e1308ef82d83b382800f"},"environment":"GEN_2","url":"https://us-central1-spendy-97913.cloudfunctions.net/meetnsplitApi","satisfiesPzi":true},"stages":[{"name":"BUILD","message":"Build in progress","state":"IN_PROGRESS","resource":"projects/576826934856/locations/us-central1/builds/63748ab6-e38e-499e-9ed5-dbb5d1313128","resourceUri":"https://console.cloud.google.com/cloud-build/builds;region=us-central1/63748ab6-e38e-499e-9ed5-dbb5d1313128?project=576826934856"},{"name":"SERVICE","state":"NOT_STARTED"}],"operationType":"UPDATE_FUNCTION","buildName":"projects/576826934856/locations/us-central1/builds/63748ab6-e38e-499e-9ed5-dbb5d1313128"},"done":false}
[debug] [2025-10-11T13:13:03.286Z] [update-default-us-central1-meetnsplitApi] Retrying task index 0
[debug] [2025-10-11T13:13:03.289Z] Checked if tokens are valid: true, expires at: 1760190777697
[debug] [2025-10-11T13:13:03.289Z] Checked if tokens are valid: true, expires at: 1760190777697
[debug] [2025-10-11T13:13:03.290Z] >>> [apiv2][query] GET https://cloudfunctions.googleapis.com/v2/projects/spendy-97913/locations/us-central1/operations/operation-1760188360241-640e1c9f33243-edc00e4f-e018287b [none]
[debug] [2025-10-11T13:13:04.796Z] <<< [apiv2][status] GET https://cloudfunctions.googleapis.com/v2/projects/spendy-97913/locations/us-central1/operations/operation-1760188360241-640e1c9f33243-edc00e4f-e018287b 200
[debug] [2025-10-11T13:13:04.798Z] <<< [apiv2][body] GET https://cloudfunctions.googleapis.com/v2/projects/spendy-97913/locations/us-central1/operations/operation-1760188360241-640e1c9f33243-edc00e4f-e018287b {"name":"projects/spendy-97913/locations/us-central1/operations/operation-1760188360241-640e1c9f33243-edc00e4f-e018287b","metadata":{"@type":"type.googleapis.com/google.cloud.functions.v2.OperationMetadata","createTime":"2025-10-11T13:12:41.049080320Z","target":"projects/spendy-97913/locations/us-central1/functions/meetnsplitApi","verb":"update","cancelRequested":false,"apiVersion":"v2","requestResource":{"@type":"type.googleapis.com/google.cloud.functions.v2.Function","name":"projects/spendy-97913/locations/us-central1/functions/meetnsplitApi","buildConfig":{"runtime":"nodejs18","entryPoint":"meetnsplitApi","source":{"storageSource":{"bucket":"gcf-v2-sources-576826934856-us-central1","object":"meetnsplitApi/function-source.zip","generation":"1760188361004570"}},"environmentVariables":{"GOOGLE_NODE_RUN_SCRIPTS":""},"dockerRepository":"projects/spendy-97913/locations/us-central1/repositories/gcf-artifacts","sourceProvenance":{"resolvedStorageSource":{"bucket":"gcf-v2-sources-576826934856-us-central1","object":"meetnsplitApi/function-source.zip","generation":"1760187233091486"}},"dockerRegistry":"ARTIFACT_REGISTRY","serviceAccount":"projects/spendy-97913/serviceAccounts/576826934856-compute@developer.gserviceaccount.com","automaticUpdatePolicy":{}},"serviceConfig":{"service":"projects/spendy-97913/locations/us-central1/services/meetnsplitapi","timeoutSeconds":60,"environmentVariables":{"SMTP_HOST":"smtpout.secureserver.net","SMTP_PORT":"465","EMAIL_USER":"admin@meetnsplit.com","EMAIL_PASSWORD":"Abhiram@030289","FIREBASE_CONFIG":"{\"projectId\":\"spendy-97913\",\"storageBucket\":\"spendy-97913.firebasestorage.app\"}","GCLOUD_PROJECT":"spendy-97913","EVENTARC_CLOUD_EVENT_SOURCE":"projects/spendy-97913/locations/us-central1/services/meetnsplitApi","FUNCTION_TARGET":"meetnsplitApi","LOG_EXECUTION_ID":"true"},"ingressSettings":"ALLOW_ALL","uri":"https://meetnsplitapi-k5mlmspqua-uc.a.run.app","serviceAccountEmail":"576826934856-compute@developer.gserviceaccount.com","availableMemory":"256Mi","allTrafficOnLatestRevision":true,"revision":"meetnsplitapi-00034-jay","maxInstanceRequestConcurrency":80,"availableCpu":"1"},"state":"ACTIVE","labels":{"deployment-tool":"cli-firebase","firebase-functions-hash":"746902fe0b3c2cd67e80e1308ef82d83b382800f"},"environment":"GEN_2","url":"https://us-central1-spendy-97913.cloudfunctions.net/meetnsplitApi","satisfiesPzi":true},"stages":[{"name":"BUILD","message":"Build in progress","state":"IN_PROGRESS","resource":"projects/576826934856/locations/us-central1/builds/63748ab6-e38e-499e-9ed5-dbb5d1313128","resourceUri":"https://console.cloud.google.com/cloud-build/builds;region=us-central1/63748ab6-e38e-499e-9ed5-dbb5d1313128?project=576826934856"},{"name":"SERVICE","state":"NOT_STARTED"}],"operationType":"UPDATE_FUNCTION","buildName":"projects/576826934856/locations/us-central1/builds/63748ab6-e38e-499e-9ed5-dbb5d1313128"},"done":false}
[debug] [2025-10-11T13:13:14.800Z] [update-default-us-central1-meetnsplitApi] Retrying task index 0
[debug] [2025-10-11T13:13:14.802Z] Checked if tokens are valid: true, expires at: 1760190777697
[debug] [2025-10-11T13:13:14.802Z] Checked if tokens are valid: true, expires at: 1760190777697
[debug] [2025-10-11T13:13:14.802Z] >>> [apiv2][query] GET https://cloudfunctions.googleapis.com/v2/projects/spendy-97913/locations/us-central1/operations/operation-1760188360241-640e1c9f33243-edc00e4f-e018287b [none]
[debug] [2025-10-11T13:13:16.433Z] <<< [apiv2][status] GET https://cloudfunctions.googleapis.com/v2/projects/spendy-97913/locations/us-central1/operations/operation-1760188360241-640e1c9f33243-edc00e4f-e018287b 200
[debug] [2025-10-11T13:13:16.434Z] <<< [apiv2][body] GET https://cloudfunctions.googleapis.com/v2/projects/spendy-97913/locations/us-central1/operations/operation-1760188360241-640e1c9f33243-edc00e4f-e018287b {"name":"projects/spendy-97913/locations/us-central1/operations/operation-1760188360241-640e1c9f33243-edc00e4f-e018287b","metadata":{"@type":"type.googleapis.com/google.cloud.functions.v2.OperationMetadata","createTime":"2025-10-11T13:12:41.049080320Z","target":"projects/spendy-97913/locations/us-central1/functions/meetnsplitApi","verb":"update","cancelRequested":false,"apiVersion":"v2","requestResource":{"@type":"type.googleapis.com/google.cloud.functions.v2.Function","name":"projects/spendy-97913/locations/us-central1/functions/meetnsplitApi","buildConfig":{"runtime":"nodejs18","entryPoint":"meetnsplitApi","source":{"storageSource":{"bucket":"gcf-v2-sources-576826934856-us-central1","object":"meetnsplitApi/function-source.zip","generation":"1760188361004570"}},"environmentVariables":{"GOOGLE_NODE_RUN_SCRIPTS":""},"dockerRepository":"projects/spendy-97913/locations/us-central1/repositories/gcf-artifacts","sourceProvenance":{"resolvedStorageSource":{"bucket":"gcf-v2-sources-576826934856-us-central1","object":"meetnsplitApi/function-source.zip","generation":"1760187233091486"}},"dockerRegistry":"ARTIFACT_REGISTRY","serviceAccount":"projects/spendy-97913/serviceAccounts/576826934856-compute@developer.gserviceaccount.com","automaticUpdatePolicy":{}},"serviceConfig":{"service":"projects/spendy-97913/locations/us-central1/services/meetnsplitapi","timeoutSeconds":60,"environmentVariables":{"SMTP_HOST":"smtpout.secureserver.net","SMTP_PORT":"465","EMAIL_USER":"admin@meetnsplit.com","EMAIL_PASSWORD":"Abhiram@030289","FIREBASE_CONFIG":"{\"projectId\":\"spendy-97913\",\"storageBucket\":\"spendy-97913.firebasestorage.app\"}","GCLOUD_PROJECT":"spendy-97913","EVENTARC_CLOUD_EVENT_SOURCE":"projects/spendy-97913/locations/us-central1/services/meetnsplitApi","FUNCTION_TARGET":"meetnsplitApi","LOG_EXECUTION_ID":"true"},"ingressSettings":"ALLOW_ALL","uri":"https://meetnsplitapi-k5mlmspqua-uc.a.run.app","serviceAccountEmail":"576826934856-compute@developer.gserviceaccount.com","availableMemory":"256Mi","allTrafficOnLatestRevision":true,"revision":"meetnsplitapi-00034-jay","maxInstanceRequestConcurrency":80,"availableCpu":"1"},"state":"ACTIVE","labels":{"deployment-tool":"cli-firebase","firebase-functions-hash":"746902fe0b3c2cd67e80e1308ef82d83b382800f"},"environment":"GEN_2","url":"https://us-central1-spendy-97913.cloudfunctions.net/meetnsplitApi","satisfiesPzi":true},"stages":[{"name":"BUILD","message":"Build in progress","state":"IN_PROGRESS","resource":"projects/576826934856/locations/us-central1/builds/63748ab6-e38e-499e-9ed5-dbb5d1313128","resourceUri":"https://console.cloud.google.com/cloud-build/builds;region=us-central1/63748ab6-e38e-499e-9ed5-dbb5d1313128?project=576826934856"},{"name":"SERVICE","state":"NOT_STARTED"}],"operationType":"UPDATE_FUNCTION","buildName":"projects/576826934856/locations/us-central1/builds/63748ab6-e38e-499e-9ed5-dbb5d1313128"},"done":false}
