
> spendy-api@1.0.0 start
> node dist/index.js

[dotenv@17.2.1] injecting env (8) from .env -- tip: ⚙️  write to custom object with { processEnv: myObject }
🚀 Spendy API Server running on port 8765
📊 Environment: development
🔗 Health check: http://localhost:8765/health
📚 API base URL: http://localhost:8765/api
❌ Port 8765 is already in use. Trying port 8766...
🚀 Spendy API Server started on port 8766
📊 Environment: development
🔗 Health check: http://localhost:8766/health
📚 API base URL: http://localhost:8766/api
🔥 Firebase Project: spendy-97913
Error querying documents from users: Error: Could not load the default credentials. Browse to https://cloud.google.com/docs/authentication/getting-started for more information.
    at GoogleAuth.getApplicationDefaultAsync (/Users/sreeramvennapusa/Documents/spendy-fresh/api/node_modules/google-auth-library/build/src/auth/googleauth.js:287:15)
    at async GoogleAuth._GoogleAuth_determineClient (/Users/sreeramvennapusa/Documents/spendy-fresh/api/node_modules/google-auth-library/build/src/auth/googleauth.js:834:32)
    at async GoogleAuth.getClient (/Users/sreeramvennapusa/Documents/spendy-fresh/api/node_modules/google-auth-library/build/src/auth/googleauth.js:698:20)
    at async GrpcClient._getCredentials (/Users/sreeramvennapusa/Documents/spendy-fresh/api/node_modules/google-gax/build/src/grpc.js:145:24)
    at async GrpcClient.createStub (/Users/sreeramvennapusa/Documents/spendy-fresh/api/node_modules/google-gax/build/src/grpc.js:318:23)
Caused by: Error
    at QueryUtil._getResponse (/Users/sreeramvennapusa/Documents/spendy-fresh/api/node_modules/@google-cloud/firestore/build/src/reference/query-util.js:44:23)
    at Query._getResponse (/Users/sreeramvennapusa/Documents/spendy-fresh/api/node_modules/@google-cloud/firestore/build/src/reference/query.js:784:32)
    at Query._get (/Users/sreeramvennapusa/Documents/spendy-fresh/api/node_modules/@google-cloud/firestore/build/src/reference/query.js:777:35)
    at /Users/sreeramvennapusa/Documents/spendy-fresh/api/node_modules/@google-cloud/firestore/build/src/reference/query.js:745:43
    at /Users/sreeramvennapusa/Documents/spendy-fresh/api/node_modules/@google-cloud/firestore/build/src/telemetry/enabled-trace-util.js:110:30
    at NoopContextManager.with (/Users/sreeramvennapusa/Documents/spendy-fresh/api/node_modules/@opentelemetry/api/build/src/context/NoopContextManager.js:25:19)
    at ContextAPI.with (/Users/sreeramvennapusa/Documents/spendy-fresh/api/node_modules/@opentelemetry/api/build/src/api/context.js:60:46)
    at NoopTracer.startActiveSpan (/Users/sreeramvennapusa/Documents/spendy-fresh/api/node_modules/@opentelemetry/api/build/src/trace/NoopTracer.js:65:31)
    at ProxyTracer.startActiveSpan (/Users/sreeramvennapusa/Documents/spendy-fresh/api/node_modules/@opentelemetry/api/build/src/trace/ProxyTracer.js:36:24)
    at EnabledTraceUtil.startActiveSpan (/Users/sreeramvennapusa/Documents/spendy-fresh/api/node_modules/@google-cloud/firestore/build/src/telemetry/enabled-trace-util.js:102:28)
node:internal/process/promises:391
    triggerUncaughtException(err, true /* fromPromise */);
    ^

Error: Could not load the default credentials. Browse to https://cloud.google.com/docs/authentication/getting-started for more information.
    at GoogleAuth.getApplicationDefaultAsync (/Users/sreeramvennapusa/Documents/spendy-fresh/api/node_modules/google-auth-library/build/src/auth/googleauth.js:287:15)
    at async GoogleAuth._GoogleAuth_determineClient (/Users/sreeramvennapusa/Documents/spendy-fresh/api/node_modules/google-auth-library/build/src/auth/googleauth.js:834:32)
    at async GoogleAuth.getClient (/Users/sreeramvennapusa/Documents/spendy-fresh/api/node_modules/google-auth-library/build/src/auth/googleauth.js:698:20)
    at async GrpcClient._getCredentials (/Users/sreeramvennapusa/Documents/spendy-fresh/api/node_modules/google-gax/build/src/grpc.js:145:24)
    at async GrpcClient.createStub (/Users/sreeramvennapusa/Documents/spendy-fresh/api/node_modules/google-gax/build/src/grpc.js:318:23)
Caused by: Error
    at QueryUtil._getResponse (/Users/sreeramvennapusa/Documents/spendy-fresh/api/node_modules/@google-cloud/firestore/build/src/reference/query-util.js:44:23)
    at Query._getResponse (/Users/sreeramvennapusa/Documents/spendy-fresh/api/node_modules/@google-cloud/firestore/build/src/reference/query.js:784:32)
    at Query._get (/Users/sreeramvennapusa/Documents/spendy-fresh/api/node_modules/@google-cloud/firestore/build/src/reference/query.js:777:35)
    at /Users/sreeramvennapusa/Documents/spendy-fresh/api/node_modules/@google-cloud/firestore/build/src/reference/query.js:745:43
    at /Users/sreeramvennapusa/Documents/spendy-fresh/api/node_modules/@google-cloud/firestore/build/src/telemetry/enabled-trace-util.js:110:30
    at NoopContextManager.with (/Users/sreeramvennapusa/Documents/spendy-fresh/api/node_modules/@opentelemetry/api/build/src/context/NoopContextManager.js:25:19)
    at ContextAPI.with (/Users/sreeramvennapusa/Documents/spendy-fresh/api/node_modules/@opentelemetry/api/build/src/api/context.js:60:46)
    at NoopTracer.startActiveSpan (/Users/sreeramvennapusa/Documents/spendy-fresh/api/node_modules/@opentelemetry/api/build/src/trace/NoopTracer.js:65:31)
    at ProxyTracer.startActiveSpan (/Users/sreeramvennapusa/Documents/spendy-fresh/api/node_modules/@opentelemetry/api/build/src/trace/ProxyTracer.js:36:24)
    at EnabledTraceUtil.startActiveSpan (/Users/sreeramvennapusa/Documents/spendy-fresh/api/node_modules/@google-cloud/firestore/build/src/telemetry/enabled-trace-util.js:102:28)

Node.js v20.19.3
